mdep\winsetup\key80
mdep\winsetup\key80/bin
mdep\winsetup\key80/contrib
mdep\winsetup\key80/contrib/andrew_dabrowski
mdep\winsetup\key80/contrib/andrew_dabrowski/counterpoint.asd
mdep\winsetup\key80/contrib/andrew_dabrowski/cp06.lisp
mdep\winsetup\key80/contrib/andrew_dabrowski/cpserver
mdep\winsetup\key80/contrib/andrew_dabrowski/installation.txt
mdep\winsetup\key80/contrib/andrew_dabrowski/wmeld.k
mdep\winsetup\key80/contrib/licker.k
mdep\winsetup\key80/contrib/nicolas_grenier
mdep\winsetup\key80/contrib/nicolas_grenier/additionalfunctionalities.html
mdep\winsetup\key80/contrib/nicolas_grenier/binf.k
mdep\winsetup\key80/contrib/nicolas_grenier/phrasef.k
mdep\winsetup\key80/contrib/nicolas_grenier/revisedf.k
mdep\winsetup\key80/contrib/nicolas_grenier/sc.k
mdep\winsetup\key80/contrib/nicolas_grenier/seqf.k
mdep\winsetup\key80/contrib/nicolas_grenier/sessions.k
mdep\winsetup\key80/contrib/wkeychaos.k
mdep\winsetup\key80/doc
mdep\winsetup\key80/doc/faq.html
mdep\winsetup\key80/doc/hacking.html
mdep\winsetup\key80/doc/history
mdep\winsetup\key80/doc/keyvar.html
mdep\winsetup\key80/doc/language.html
mdep\winsetup\key80/doc/libdoc.html
mdep\winsetup\key80/doc/multiport
mdep\winsetup\key80/doc/tutorial.html
mdep\winsetup\key80/index.html
mdep\winsetup\key80/lib
mdep\winsetup\key80/lib/.c
mdep\winsetup\key80/lib/.gesture
mdep\winsetup\key80/lib/.klooper_drums.k.swp
mdep\winsetup\key80/lib/.klooper_palette.k.swp
mdep\winsetup\key80/lib/.loopycam.k.swp
mdep\winsetup\key80/lib/.morph.k.swp
mdep\winsetup\key80/lib/.nosuchtouch.k.swp
mdep\winsetup\key80/lib/.pi.k.swp
mdep\winsetup\key80/lib/algo1.exp
mdep\winsetup\key80/lib/alphafun.k
mdep\winsetup\key80/lib/atalooper.k
mdep\winsetup\key80/lib/basic1.k
mdep\winsetup\key80/lib/basic2.k
mdep\winsetup\key80/lib/bayareameetup.k
mdep\winsetup\key80/lib/bench.k
mdep\winsetup\key80/lib/bm2008.k
mdep\winsetup\key80/lib/bnchord.k
mdep\winsetup\key80/lib/bs202drum.k
mdep\winsetup\key80/lib/bschord.k
mdep\winsetup\key80/lib/bsdemo.k
mdep\winsetup\key80/lib/bsgmdrum.k
mdep\winsetup\key80/lib/bsguide.k
mdep\winsetup\key80/lib/bsriff.k
mdep\winsetup\key80/lib/burn.txt
mdep\winsetup\key80/lib/cmds.k
mdep\winsetup\key80/lib/controllermon.k
mdep\winsetup\key80/lib/creative.k
mdep\winsetup\key80/lib/csound.k
mdep\winsetup\key80/lib/default.exp
mdep\winsetup\key80/lib/default.ppm
mdep\winsetup\key80/lib/demo1.k
mdep\winsetup\key80/lib/demo1.km
mdep\winsetup\key80/lib/display.k
mdep\winsetup\key80/lib/dna.k
mdep\winsetup\key80/lib/dr202.k
mdep\winsetup\key80/lib/dr202.kbm
mdep\winsetup\key80/lib/draw2phrase.k
mdep\winsetup\key80/lib/drums.kbm
mdep\winsetup\key80/lib/drums1.kb
mdep\winsetup\key80/lib/drums1.kc
mdep\winsetup\key80/lib/dsfnest.k
mdep\winsetup\key80/lib/dsimfrac.k
mdep\winsetup\key80/lib/dwutil.k
mdep\winsetup\key80/lib/eargame.k
mdep\winsetup\key80/lib/echoplex.k
mdep\winsetup\key80/lib/ergo.k
mdep\winsetup\key80/lib/ergodrive.k
mdep\winsetup\key80/lib/ergox.k
mdep\winsetup\key80/lib/ergox21.k
mdep\winsetup\key80/lib/ergoxunion.k
mdep\winsetup\key80/lib/ergox_works.k
mdep\winsetup\key80/lib/ergox_wsh.k
mdep\winsetup\key80/lib/example1.k
mdep\winsetup\key80/lib/example10.k
mdep\winsetup\key80/lib/example11.k
mdep\winsetup\key80/lib/example12.k
mdep\winsetup\key80/lib/example13.k
mdep\winsetup\key80/lib/example14.k
mdep\winsetup\key80/lib/example15.k
mdep\winsetup\key80/lib/example16.k
mdep\winsetup\key80/lib/example17.k
mdep\winsetup\key80/lib/example18.k
mdep\winsetup\key80/lib/example19.k
mdep\winsetup\key80/lib/example2.k
mdep\winsetup\key80/lib/example3.k
mdep\winsetup\key80/lib/example4.k
mdep\winsetup\key80/lib/example5.k
mdep\winsetup\key80/lib/example6.k
mdep\winsetup\key80/lib/example7.k
mdep\winsetup\key80/lib/example8.k
mdep\winsetup\key80/lib/example9.k
mdep\winsetup\key80/lib/expresso.k
mdep\winsetup\key80/lib/eyeful_looper.k
mdep\winsetup\key80/lib/eyeful_old.k
mdep\winsetup\key80/lib/faire.k
mdep\winsetup\key80/lib/fordrums.exp
mdep\winsetup\key80/lib/fordrums2.exp
mdep\winsetup\key80/lib/fracdemo.k
mdep\winsetup\key80/lib/fresco.k
mdep\winsetup\key80/lib/galaxy2008.k
mdep\winsetup\key80/lib/galaxy2009v0.k
mdep\winsetup\key80/lib/gcontrol.k
mdep\winsetup\key80/lib/geomaestro.k
mdep\winsetup\key80/lib/gesture
mdep\winsetup\key80/lib/gesture.k
mdep\winsetup\key80/lib/gesture.k.bak
mdep\winsetup\key80/lib/gifjam.k
mdep\winsetup\key80/lib/globvars.k
mdep\winsetup\key80/lib/gm2.k
mdep\winsetup\key80/lib/google2008.k
mdep\winsetup\key80/lib/graphics.k
mdep\winsetup\key80/lib/grep.exe.stackdump
mdep\winsetup\key80/lib/gridinit.k
mdep\winsetup\key80/lib/gs_utils.k
mdep\winsetup\key80/lib/gutil.k
mdep\winsetup\key80/lib/happy.k
mdep\winsetup\key80/lib/happysets.k
mdep\winsetup\key80/lib/hoops.k
mdep\winsetup\key80/lib/hoops.txt
mdep\winsetup\key80/lib/hoops1b.k
mdep\winsetup\key80/lib/hoops1c.k
mdep\winsetup\key80/lib/hoops1c.k.bak
mdep\winsetup\key80/lib/hoops2.k
mdep\winsetup\key80/lib/hopasong.k
mdep\winsetup\key80/lib/hydra.k
mdep\winsetup\key80/lib/idiff.a02564
mdep\winsetup\key80/lib/idiff.a05368
mdep\winsetup\key80/lib/image.k
mdep\winsetup\key80/lib/inc.k
mdep\winsetup\key80/lib/index.html
mdep\winsetup\key80/lib/inverti.k
mdep\winsetup\key80/lib/in_c.k
mdep\winsetup\key80/lib/joyballs.txt
mdep\winsetup\key80/lib/joyecho1.k
mdep\winsetup\key80/lib/joyecho2.k
mdep\winsetup\key80/lib/joyecho3.k
mdep\winsetup\key80/lib/joymonitor.k
mdep\winsetup\key80/lib/joypad.k
mdep\winsetup\key80/lib/joystuff.k
mdep\winsetup\key80/lib/joytest.k
mdep\winsetup\key80/lib/jv1010.k
mdep\winsetup\key80/lib/jvutil.k
mdep\winsetup\key80/lib/kbutton.k
mdep\winsetup\key80/lib/kcmdbutt.k
mdep\winsetup\key80/lib/key.dbg
mdep\winsetup\key80/lib/keylib.k
mdep\winsetup\key80/lib/keylocal.example
mdep\winsetup\key80/lib/keymapdemo.k
mdep\winsetup\key80/lib/keyrc.k
mdep\winsetup\key80/lib/keyrc.k.bak
mdep\winsetup\key80/lib/khslider.k
mdep\winsetup\key80/lib/klooper.k
mdep\winsetup\key80/lib/klooper4.k
mdep\winsetup\key80/lib/klooper7.k
mdep\winsetup\key80/lib/klooperx.k
mdep\winsetup\key80/lib/klooper_battle.k
mdep\winsetup\key80/lib/klooper_drums.k
mdep\winsetup\key80/lib/klooper_hackers.k
mdep\winsetup\key80/lib/klooper_lib.k
mdep\winsetup\key80/lib/klooper_loopfest.k
mdep\winsetup\key80/lib/klooper_palette.k
mdep\winsetup\key80/lib/klooper_portable.k
mdep\winsetup\key80/lib/klooper_techshop.k
mdep\winsetup\key80/lib/klooper_twobuck.k
mdep\winsetup\key80/lib/kmenubut.k
mdep\winsetup\key80/lib/kmoment.k
mdep\winsetup\key80/lib/kmsbutt.k
mdep\winsetup\key80/lib/kmsg.k
mdep\winsetup\key80/lib/korg.k
mdep\winsetup\key80/lib/korgcontrol.k
mdep\winsetup\key80/lib/korgrouter.k
mdep\winsetup\key80/lib/krubber.k
mdep\winsetup\key80/lib/kslider.k
mdep\winsetup\key80/lib/kslider2.k
mdep\winsetup\key80/lib/ktext.k
mdep\winsetup\key80/lib/ktoggle.k
mdep\winsetup\key80/lib/kvalbutt.k
mdep\winsetup\key80/lib/kvi.bat
mdep\winsetup\key80/lib/kvi.sh
mdep\winsetup\key80/lib/last.kp
mdep\winsetup\key80/lib/launchpad.k
mdep\winsetup\key80/lib/layout.k
mdep\winsetup\key80/lib/lcd.k
mdep\winsetup\key80/lib/lcd.k.bak
mdep\winsetup\key80/lib/leap.k
mdep\winsetup\key80/lib/linn.k
mdep\winsetup\key80/lib/linnloop.k
mdep\winsetup\key80/lib/listen.k
mdep\winsetup\key80/lib/loops.k
mdep\winsetup\key80/lib/loopsalad.k
mdep\winsetup\key80/lib/loopycam.k
mdep\winsetup\key80/lib/loopycam.odt
mdep\winsetup\key80/lib/LOOPYCAM.TXT
mdep\winsetup\key80/lib/lyre_lighter_pitch_modulo.k
mdep\winsetup\key80/lib/lyre_lighter_pitch_scaled.k
mdep\winsetup\key80/lib/lyre_lighter_scan1.k
mdep\winsetup\key80/lib/lyre_lighter_scan2.k
mdep\winsetup\key80/lib/lyre_lighter_scan3.k
mdep\winsetup\key80/lib/lyre_lighter_scan3b.k
mdep\winsetup\key80/lib/lyre_lighter_scan4.k
mdep\winsetup\key80/lib/lyre_lighter_sections_4.k
mdep\winsetup\key80/lib/lyre_lighter_sections_4b.k
mdep\winsetup\key80/lib/lyre_lighter_sections_8.k
mdep\winsetup\key80/lib/lyre_lighter_sections_8b.k
mdep\winsetup\key80/lib/lyre_lighter_sections_8bm.k
mdep\winsetup\key80/lib/lyre_player_looper.k
mdep\winsetup\key80/lib/lyre_player_playfile.k
mdep\winsetup\key80/lib/mac.k
mdep\winsetup\key80/lib/makefile
mdep\winsetup\key80/lib/maker2008.k
mdep\winsetup\key80/lib/maps.k
mdep\winsetup\key80/lib/matchdiagram.k
mdep\winsetup\key80/lib/melodymerge.k
mdep\winsetup\key80/lib/meme.k
mdep\winsetup\key80/lib/midimon.k
mdep\winsetup\key80/lib/midimon.k.bak
mdep\winsetup\key80/lib/midirouter.k
mdep\winsetup\key80/lib/mkmenus.k
mdep\winsetup\key80/lib/mkmenus.k.bak
mdep\winsetup\key80/lib/mmatrix.k
mdep\winsetup\key80/lib/monitor.k
mdep\winsetup\key80/lib/morph.k
mdep\winsetup\key80/lib/motion.k
mdep\winsetup\key80/lib/motion_bounce.k
mdep\winsetup\key80/lib/motion_rand.k
mdep\winsetup\key80/lib/multiforward.k
mdep\winsetup\key80/lib/mx202drum.k
mdep\winsetup\key80/lib/nano.k
mdep\winsetup\key80/lib/neural.k
mdep\winsetup\key80/lib/nightlight.k
mdep\winsetup\key80/lib/nosuchtouch.k
mdep\winsetup\key80/lib/nslooperb.k
mdep\winsetup\key80/lib/nthloop.k
mdep\winsetup\key80/lib/old
mdep\winsetup\key80/lib/old/linnloop.k
mdep\winsetup\key80/lib/old/linnloop_op_take1.k
mdep\winsetup\key80/lib/old/linnloop_scatfest.k
mdep\winsetup\key80/lib/oldhappy.k
mdep\winsetup\key80/lib/omni.k
mdep\winsetup\key80/lib/osc.k
mdep\winsetup\key80/lib/padmonitor.k
mdep\winsetup\key80/lib/page.k
mdep\winsetup\key80/lib/pagecol.k
mdep\winsetup\key80/lib/perkis.k
mdep\winsetup\key80/lib/pi.k
mdep\winsetup\key80/lib/pi10000.txt
mdep\winsetup\key80/lib/pi100000.txt
mdep\winsetup\key80/lib/picnic.k
mdep\winsetup\key80/lib/playchords.k
mdep\winsetup\key80/lib/players.k
mdep\winsetup\key80/lib/procs.k
mdep\winsetup\key80/lib/quasar.k
mdep\winsetup\key80/lib/radio.k
mdep\winsetup\key80/lib/rand1.k
mdep\winsetup\key80/lib/read1.k
mdep\winsetup\key80/lib/realutil.k
mdep\winsetup\key80/lib/redmond2008.k
mdep\winsetup\key80/lib/relay.k
mdep\winsetup\key80/lib/remapper.k
mdep\winsetup\key80/lib/remotecons.k
mdep\winsetup\key80/lib/riffraff.k
mdep\winsetup\key80/lib/rootmon.k
mdep\winsetup\key80/lib/roy.k
mdep\winsetup\key80/lib/salvationlooper.k
mdep\winsetup\key80/lib/sc7util.k
mdep\winsetup\key80/lib/sc8850.k
mdep\winsetup\key80/lib/scales1.k
mdep\winsetup\key80/lib/scratch.k
mdep\winsetup\key80/lib/scratch2.k
mdep\winsetup\key80/lib/scratch3.k
mdep\winsetup\key80/lib/sd80.k
mdep\winsetup\key80/lib/sendmail.k
mdep\winsetup\key80/lib/setsim.k
mdep\winsetup\key80/lib/sh.exe.stackdump
mdep\winsetup\key80/lib/shape.k
mdep\winsetup\key80/lib/shape_ellipse.k
mdep\winsetup\key80/lib/shape_line.k
mdep\winsetup\key80/lib/shape_rect.k
mdep\winsetup\key80/lib/shape_tri.k
mdep\winsetup\key80/lib/short.k
mdep\winsetup\key80/lib/short2.k
mdep\winsetup\key80/lib/shots.k
mdep\winsetup\key80/lib/skronk.k
mdep\winsetup\key80/lib/skronk2.k
mdep\winsetup\key80/lib/slots.k
mdep\winsetup\key80/lib/slowdown.k
mdep\winsetup\key80/lib/smmutils.k
mdep\winsetup\key80/lib/snipper.k
mdep\winsetup\key80/lib/sock.k
mdep\winsetup\key80/lib/sockutil.k
mdep\winsetup\key80/lib/stack.k
mdep\winsetup\key80/lib/starrynight.k
mdep\winsetup\key80/lib/statfunc.k
mdep\winsetup\key80/lib/stochgen.k
mdep\winsetup\key80/lib/tjt1.kc
mdep\winsetup\key80/lib/tjtalg.k
mdep\winsetup\key80/lib/tmp.diff
mdep\winsetup\key80/lib/tmp.x
mdep\winsetup\key80/lib/toolholder.k
mdep\winsetup\key80/lib/tools1.lst
mdep\winsetup\key80/lib/tools2.lst
mdep\winsetup\key80/lib/trrack.k
mdep\winsetup\key80/lib/trrack.pl
mdep\winsetup\key80/lib/try1.exp
mdep\winsetup\key80/lib/typealot.k
mdep\winsetup\key80/lib/typo.html
mdep\winsetup\key80/lib/typo.k
mdep\winsetup\key80/lib/typo.xml
mdep\winsetup\key80/lib/typo1.tp
mdep\winsetup\key80/lib/typob.k
mdep\winsetup\key80/lib/typoc.k
mdep\winsetup\key80/lib/typocard.doc
mdep\winsetup\key80/lib/typocard.txt
mdep\winsetup\key80/lib/typocard2.txt
mdep\winsetup\key80/lib/typoh.k
mdep\winsetup\key80/lib/typoh.txt
mdep\winsetup\key80/lib/updatelib.k
mdep\winsetup\key80/lib/util1.k
mdep\winsetup\key80/lib/util2.k
mdep\winsetup\key80/lib/var.k
mdep\winsetup\key80/lib/vary.k
mdep\winsetup\key80/lib/video.k
mdep\winsetup\key80/lib/virusb.k
mdep\winsetup\key80/lib/vizcamp.k
mdep\winsetup\key80/lib/vizloop.k
mdep\winsetup\key80/lib/vsmm3.k
mdep\winsetup\key80/lib/vsmm31.k
mdep\winsetup\key80/lib/vvvv.k
mdep\winsetup\key80/lib/vvvvlooper.k
mdep\winsetup\key80/lib/w4play.k
mdep\winsetup\key80/lib/waid.k
mdep\winsetup\key80/lib/wapply.html
mdep\winsetup\key80/lib/wapply.k
mdep\winsetup\key80/lib/wapply.xml
mdep\winsetup\key80/lib/warrange.k
mdep\winsetup\key80/lib/wbang.html
mdep\winsetup\key80/lib/wbang.k
mdep\winsetup\key80/lib/wbang.xml
mdep\winsetup\key80/lib/wbargen.k
mdep\winsetup\key80/lib/wbargen14.k
mdep\winsetup\key80/lib/wbargen3.k
mdep\winsetup\key80/lib/wbargen7.k
mdep\winsetup\key80/lib/wbargen9.k
mdep\winsetup\key80/lib/wblocks.html
mdep\winsetup\key80/lib/wblocks.k
mdep\winsetup\key80/lib/wblocks.xml
mdep\winsetup\key80/lib/wboard.k
mdep\winsetup\key80/lib/wboomix.k
mdep\winsetup\key80/lib/wboomixs.k
mdep\winsetup\key80/lib/wbounce.html
mdep\winsetup\key80/lib/wbounce.k
mdep\winsetup\key80/lib/wbounce.xml
mdep\winsetup\key80/lib/wbouncing.k
mdep\winsetup\key80/lib/wbouncing.rtf
mdep\winsetup\key80/lib/wbouncing.txt
mdep\winsetup\key80/lib/wbouncing2.k
mdep\winsetup\key80/lib/wburn.k
mdep\winsetup\key80/lib/wburnbox.k
mdep\winsetup\key80/lib/wcascade.k
mdep\winsetup\key80/lib/wchord.html
mdep\winsetup\key80/lib/wchord.k
mdep\winsetup\key80/lib/wchord.xml
mdep\winsetup\key80/lib/wcomment.html
mdep\winsetup\key80/lib/wcomment.k
mdep\winsetup\key80/lib/wcomment.xml
mdep\winsetup\key80/lib/wconsole.html
mdep\winsetup\key80/lib/wconsole.k
mdep\winsetup\key80/lib/wconsole.xml
mdep\winsetup\key80/lib/wcontrol.html
mdep\winsetup\key80/lib/wcontrol.k
mdep\winsetup\key80/lib/wcontrol.xml
mdep\winsetup\key80/lib/wcurve.k
mdep\winsetup\key80/lib/wdancepad.k
mdep\winsetup\key80/lib/wdebug.k
mdep\winsetup\key80/lib/wecho.html
mdep\winsetup\key80/lib/wecho.k
mdep\winsetup\key80/lib/wecho.xml
mdep\winsetup\key80/lib/wecho2.k
mdep\winsetup\key80/lib/wecho4x.k
mdep\winsetup\key80/lib/wechox.k
mdep\winsetup\key80/lib/wellipse.k
mdep\winsetup\key80/lib/wexpresso.html
mdep\winsetup\key80/lib/wexpresso.k
mdep\winsetup\key80/lib/wexpresso.xml
mdep\winsetup\key80/lib/wgene.k
mdep\winsetup\key80/lib/wgesture.k
mdep\winsetup\key80/lib/wginsu.html
mdep\winsetup\key80/lib/wginsu.k
mdep\winsetup\key80/lib/wginsu.xml
mdep\winsetup\key80/lib/wgrabbag.html
mdep\winsetup\key80/lib/wgrabbag.k
mdep\winsetup\key80/lib/wgrabbag.xml
mdep\winsetup\key80/lib/wgrid.k
mdep\winsetup\key80/lib/wgrind.k
mdep\winsetup\key80/lib/wgroup.html
mdep\winsetup\key80/lib/wgroup.k
mdep\winsetup\key80/lib/wgroup.xml
mdep\winsetup\key80/lib/wharmony.k
mdep\winsetup\key80/lib/whello.k
mdep\winsetup\key80/lib/whoops.k
mdep\winsetup\key80/lib/whoops2.k
mdep\winsetup\key80/lib/whues.k
mdep\winsetup\key80/lib/wimage.k
mdep\winsetup\key80/lib/windobje.k
mdep\winsetup\key80/lib/windutil.k
mdep\winsetup\key80/lib/wjoyballs.k
mdep\winsetup\key80/lib/wkboom.html
mdep\winsetup\key80/lib/wkboom.k
mdep\winsetup\key80/lib/wkboom.xml
mdep\winsetup\key80/lib/wkboom2.k
mdep\winsetup\key80/lib/wkey.k
mdep\winsetup\key80/lib/wkeychaos.k
mdep\winsetup\key80/lib/wkeychaos.txt
mdep\winsetup\key80/lib/wkeywalk.k
mdep\winsetup\key80/lib/wkonnect.k
mdep\winsetup\key80/lib/wleap.k
mdep\winsetup\key80/lib/wlife.k
mdep\winsetup\key80/lib/wlifecell.k
mdep\winsetup\key80/lib/wloopy.k
mdep\winsetup\key80/lib/wlyre.k
mdep\winsetup\key80/lib/wmapwalk.k
mdep\winsetup\key80/lib/wmark.html
mdep\winsetup\key80/lib/wmark.k
mdep\winsetup\key80/lib/wmark.xml
mdep\winsetup\key80/lib/wmatch.k
mdep\winsetup\key80/lib/wmatrix.html
mdep\winsetup\key80/lib/wmatrix.k
mdep\winsetup\key80/lib/wmatrix.xml
mdep\winsetup\key80/lib/wmenu.k
mdep\winsetup\key80/lib/wmonitor.k
mdep\winsetup\key80/lib/wmonolith.k
mdep\winsetup\key80/lib/wmonolith2a.k
mdep\winsetup\key80/lib/wmonolith2b.k
mdep\winsetup\key80/lib/wmotion.k
mdep\winsetup\key80/lib/wmousey.k
mdep\winsetup\key80/lib/wmuse.k
mdep\winsetup\key80/lib/wnudge.k
mdep\winsetup\key80/lib/wnull.k
mdep\winsetup\key80/lib/woffwalk.k
mdep\winsetup\key80/lib/wpack.k
mdep\winsetup\key80/lib/wpage.k
mdep\winsetup\key80/lib/wparam.html
mdep\winsetup\key80/lib/wparam.k
mdep\winsetup\key80/lib/wparam.xml
mdep\winsetup\key80/lib/wparty.k
mdep\winsetup\key80/lib/wphrase.k
mdep\winsetup\key80/lib/wpi.k
mdep\winsetup\key80/lib/wpict.k
mdep\winsetup\key80/lib/wpictthis.html
mdep\winsetup\key80/lib/wpictthis.k
mdep\winsetup\key80/lib/wpictthis.xml
mdep\winsetup\key80/lib/wpolygon.k
mdep\winsetup\key80/lib/wpolygon2.k
mdep\winsetup\key80/lib/wportmap1.k
mdep\winsetup\key80/lib/wportmap2.k
mdep\winsetup\key80/lib/wportpick.k
mdep\winsetup\key80/lib/wpriority.k
mdep\winsetup\key80/lib/wprogch.html
mdep\winsetup\key80/lib/wprogch.k
mdep\winsetup\key80/lib/wprogch.xml
mdep\winsetup\key80/lib/wprogchx.k
mdep\winsetup\key80/lib/wquix.k
mdep\winsetup\key80/lib/wremapper.html
mdep\winsetup\key80/lib/wremapper.k
mdep\winsetup\key80/lib/wremapper.xml
mdep\winsetup\key80/lib/wrgb.k
mdep\winsetup\key80/lib/wriff.html
mdep\winsetup\key80/lib/wriff.k
mdep\winsetup\key80/lib/wriff.xml
mdep\winsetup\key80/lib/wriffnames.k
mdep\winsetup\key80/lib/wriffraf.html
mdep\winsetup\key80/lib/wriffraf.k
mdep\winsetup\key80/lib/wriffraf.xml
mdep\winsetup\key80/lib/writelines.k
mdep\winsetup\key80/lib/wroller.k
mdep\winsetup\key80/lib/wsect.k
mdep\winsetup\key80/lib/wsh.k
mdep\winsetup\key80/lib/wsmmgroup.k
mdep\winsetup\key80/lib/wsprites.k
mdep\winsetup\key80/lib/wstatis.k
mdep\winsetup\key80/lib/wsync.k
mdep\winsetup\key80/lib/wtechno.k
mdep\winsetup\key80/lib/wtechno2.k
mdep\winsetup\key80/lib/wtechno3.k
mdep\winsetup\key80/lib/wtempo.html
mdep\winsetup\key80/lib/wtempo.k
mdep\winsetup\key80/lib/wtempo.xml
mdep\winsetup\key80/lib/wtempo2.k
mdep\winsetup\key80/lib/wtest.k
mdep\winsetup\key80/lib/wtext.k
mdep\winsetup\key80/lib/wthreshold.k
mdep\winsetup\key80/lib/wtimer.k
mdep\winsetup\key80/lib/wtrails.k
mdep\winsetup\key80/lib/wtrapped.k
mdep\winsetup\key80/lib/wtr_ellipse.k
mdep\winsetup\key80/lib/wvideo.k
mdep\winsetup\key80/lib/wvirus.k
mdep\winsetup\key80/lib/wvisual.k
mdep\winsetup\key80/lib/wvol.html
mdep\winsetup\key80/lib/wvol.k
mdep\winsetup\key80/lib/wvol.xml
mdep\winsetup\key80/lib/wvoldemo.k
mdep\winsetup\key80/lib/www.k
mdep\winsetup\key80/lib/wwwtools.html
mdep\winsetup\key80/lib/wwwtools.k
mdep\winsetup\key80/lib/wwwtools.xml
mdep\winsetup\key80/lib/yuri.k
mdep\winsetup\key80/LICENSE.txt
mdep\winsetup\key80/music
mdep\winsetup\key80/music/bachinv1.mid
mdep\winsetup\key80/music/bachinv2.mid
mdep\winsetup\key80/music/bachinv3.mid
mdep\winsetup\key80/music/bachinv4.mid
mdep\winsetup\key80/music/bachinv5.mid
mdep\winsetup\key80/music/bachinv6.mid
mdep\winsetup\key80/music/bachinv7.mid
mdep\winsetup\key80/music/bachinv8.mid
mdep\winsetup\key80/music/frescoA.kp
mdep\winsetup\key80/music/funk17.mid
mdep\winsetup\key80/music/joy6.mid
mdep\winsetup\key80/music/jsbach.mid
mdep\winsetup\key80/music/onemeasure.mid
mdep\winsetup\key80/music/palette.mid
mdep\winsetup\key80/music/palette2.mid
mdep\winsetup\key80/music/patt0.mid
mdep\winsetup\key80/music/patt1.mid
mdep\winsetup\key80/music/patt2.mid
mdep\winsetup\key80/music/patt3.mid
mdep\winsetup\key80/music/patt4.mid
mdep\winsetup\key80/music/patt5.mid
mdep\winsetup\key80/music/prelude.mid
mdep\winsetup\key80/music/preludetest.mid
mdep\winsetup\key80/music/test1.kp
