 key

 Timestamp is 5fce969b (Mon Dec  7 12:54:51 2020)

 Preferred load address is 0000000140000000

 Start         Length     Name                   Class
 0001:00000000 0005e2f0H .text$mn                CODE
 0001:0005e2f0 00000040H .text$mn$00             CODE
 0001:0005e330 0000006dH .text$x                 CODE
 0002:00000000 00000768H .idata$5                DATA
 0002:00000768 00000028H .00cfg                  DATA
 0002:00000790 00000008H .CRT$XCA                DATA
 0002:00000798 00000008H .CRT$XCAA               DATA
 0002:000007a0 00000008H .CRT$XCZ                DATA
 0002:000007a8 00000008H .CRT$XIA                DATA
 0002:000007b0 00000008H .CRT$XIAA               DATA
 0002:000007b8 00000008H .CRT$XIAC               DATA
 0002:000007c0 00000008H .CRT$XIZ                DATA
 0002:000007c8 00000008H .CRT$XPA                DATA
 0002:000007d0 00000008H .CRT$XPZ                DATA
 0002:000007d8 00000008H .CRT$XTA                DATA
 0002:000007e0 00000010H .CRT$XTZ                DATA
 0002:000007e8 00000000H .gehcont$y              DATA
 0002:000007e8 00000000H .gfids$y                DATA
 0002:000007f0 00000210H .rdata                  DATA
 0002:00000a00 00000000H .rdata$CastGuardVftablesA DATA
 0002:00000a00 00000000H .rdata$CastGuardVftablesC DATA
 0002:00000a00 00000270H .rdata$zzzdbg           DATA
 0002:00000c70 00000008H .rtc$IAA                DATA
 0002:00000c78 00000008H .rtc$IZZ                DATA
 0002:00000c80 00000008H .rtc$TAA                DATA
 0002:00000c88 00000008H .rtc$TZZ                DATA
 0002:00000c90 0000299cH .xdata                  DATA
 0002:0000362c 00000000H .edata                  DATA
 0002:0000362c 000000b4H .idata$2                DATA
 0002:000036e0 00000018H .idata$3                DATA
 0002:000036f8 00000768H .idata$4                DATA
 0002:00003e60 00000d3eH .idata$6                DATA
 0003:00000000 0001b260H .data                   DATA
 0003:0001b260 0001fdb0H .bss                    DATA
 0004:00000000 00003258H .pdata                  DATA
 0005:00000000 000005e0H .rsrc$01                DATA
 0005:000005e0 00001690H .rsrc$02                DATA

  Address         Publics by Value              Rva+Base               Lib:Object

 0000:00000000       __volatile_metadata        0000000000000000     <absolute>
 0000:00000000       __x64_code_ranges_to_entry_points_count 0000000000000000     <absolute>
 0000:00000000       __arm64x_extra_rfe_table_size 0000000000000000     <absolute>
 0000:00000000       __guard_iat_count          0000000000000000     <absolute>
 0000:00000000       __guard_eh_cont_count      0000000000000000     <absolute>
 0000:00000000       __AbsoluteZero             0000000000000000     <absolute>
 0000:00000000       __guard_longjmp_count      0000000000000000     <absolute>
 0000:00000000       __guard_longjmp_table      0000000000000000     <absolute>
 0000:00000000       ___safe_se_handler_table   0000000000000000     <absolute>
 0000:00000000       __x64_code_ranges_to_entry_points 0000000000000000     <absolute>
 0000:00000000       __guard_fids_count         0000000000000000     <absolute>
 0000:00000000       __guard_fids_table         0000000000000000     <absolute>
 0000:00000000       ___safe_se_handler_count   0000000000000000     <absolute>
 0000:00000000       __arm64x_redirection_metadata_count 0000000000000000     <absolute>
 0000:00000000       __enclave_config           0000000000000000     <absolute>
 0000:00000000       __arm64x_extra_rfe_table   0000000000000000     <absolute>
 0000:00000000       __guard_eh_cont_table      0000000000000000     <absolute>
 0000:00000000       __arm64x_native_entrypoint 0000000000000000     <absolute>
 0000:00000000       __hybrid_code_map_count    0000000000000000     <absolute>
 0000:00000000       __guard_iat_table          0000000000000000     <absolute>
 0000:00000000       __arm64x_redirection_metadata 0000000000000000     <absolute>
 0000:00000000       __dynamic_value_reloc_table 0000000000000000     <absolute>
 0000:00000000       __hybrid_code_map          0000000000000000     <absolute>
 0000:00000000       __hybrid_auxiliary_iat     0000000000000000     <absolute>
 0000:00000100       __guard_flags              0000000000000100     <absolute>
 0000:00000000       __ImageBase                0000000140000000     <linker-defined>
 0001:00000000       yyparse                    0000000140001000 f   yacc.obj
 0001:00005210       startparams                0000000140006210 f   yacc.obj
 0001:00005250       endparams                  0000000140006250 f   yacc.obj
 0001:00005380       patchlocals                0000000140006380 f   yacc.obj
 0001:000053e0       forceglobal                00000001400063e0 f   yacc.obj
 0001:00005480       local2globalinstall        0000000140006480 f   yacc.obj
 0001:000054d0       installvar                 00000001400064d0 f   yacc.obj
 0001:00005650       yylex                      0000000140006650 f   yacc.obj
 0001:00006350       __local_stdio_printf_options 0000000140007350 f i yacc.obj
 0001:00006360       _vfprintf_l                0000000140007360 f i yacc.obj
 0001:000063b0       _vsnprintf_l               00000001400073b0 f i yacc.obj
 0001:00006430       _vsprintf_l                0000000140007430 f i yacc.obj
 0001:00006480       printf                     0000000140007480 f i yacc.obj
 0001:000064e0       sprintf                    00000001400074e0 f i yacc.obj
 0001:00006530       keystart                   0000000140007530 f   main.obj
 0001:000067a0       keyfile                    00000001400077a0 f   main.obj
 0001:000068e0       keydefine                  00000001400078e0 f   main.obj
 0001:00006910       keystr                     0000000140007910 f   main.obj
 0001:00006960       defnonly                   0000000140007960 f   main.obj
 0001:00006990       looponly                   0000000140007990 f   main.obj
 0001:000069c0       loopstart                  00000001400079c0 f   main.obj
 0001:00006a10       looppatch                  0000000140007a10 f   main.obj
 0001:00006a80       loopend                    0000000140007a80 f   main.obj
 0001:00006bb0       yyerror                    0000000140007bb0 f   main.obj
 0001:00006c60       ipfuncname                 0000000140007c60 f   main.obj
 0001:00006ce0       infuncname                 0000000140007ce0 f   main.obj
 0001:00006e70       pstacktrace                0000000140007e70 f   main.obj
 0001:00006ee0       stackbuffclear             0000000140007ee0 f   main.obj
 0001:00006f20       stackbuff                  0000000140007f20 f   main.obj
 0001:00006fa0       stackbuffleng              0000000140007fa0 f   main.obj
 0001:00006fb0       stackbufftrunc             0000000140007fb0 f   main.obj
 0001:00006fe0       stackbuffstr               0000000140007fe0 f   main.obj
 0001:00006ff0       stacktrace                 0000000140007ff0 f   main.obj
 0001:000072e0       keyerrfile                 00000001400082e0 f   main.obj
 0001:000073b0       execerror                  00000001400083b0 f   main.obj
 0001:000075a0       resetstuff                 00000001400085a0 f   main.obj
 0001:000075c0       forcereboot                00000001400085c0 f   main.obj
 0001:000075f0       warning                    00000001400085f0 f   main.obj
 0001:000077c0       popupwarning               00000001400087c0 f   main.obj
 0001:00007960       finalexit                  0000000140008960 f   main.obj
 0001:00007990       realexit                   0000000140008990 f   main.obj
 0001:000079c0       fatalerror                 00000001400089c0 f   main.obj
 0001:00007a20       myre_fail                  0000000140008a20 f   main.obj
 0001:00007a50       tsync                      0000000140008a50 f   main.obj
 0001:00007a60       tprint                     0000000140008a60 f   main.obj
 0001:00007ac0       eprint                     0000000140008ac0 f   main.obj
 0001:00007b30       kdoprnt                    0000000140008b30 f   main.obj
 0001:00007c20       intcatch                   0000000140008c20 f   main.obj
 0001:00007cd0       setintcatch                0000000140008cd0 f   main.obj
 0001:00007ce0       yyunget                    0000000140008ce0 f   main.obj
 0001:00007d40       stuffch                    0000000140008d40 f   main.obj
 0001:00007db0       stuffword                  0000000140008db0 f   main.obj
 0001:00007e10       yyinput                    0000000140008e10 f   main.obj
 0001:00007e70       pushfin                    0000000140008e70 f   main.obj
 0001:00008040       popfin                     0000000140009040 f   main.obj
 0001:00008150       yyreset                    0000000140009150 f   main.obj
 0001:000081a0       flushfin                   00000001400091a0 f   main.obj
 0001:00008210       yyrawin                    0000000140009210 f   main.obj
 0001:00008390       instructs                  0000000140009390 f   main.obj
 0001:00008400       corecheck                  0000000140009400 f   main.obj
 0001:00008450       checkfunckey               0000000140009450 f   main.obj
 0001:000084c0       follow                     00000001400094c0 f   main.obj
 0001:00008510       follo2                     0000000140009510 f   main.obj
 0001:00008570       follo3                     0000000140009570 f   main.obj
 0001:000085f0       eatpound                   00000001400095f0 f   main.obj
 0001:000086e0       plibrary                   00000001400096e0 f   main.obj
 0001:00008790       load1keylib                0000000140009790 f   main.obj
 0001:000088c0       loadkeylibk                00000001400098c0 f   main.obj
 0001:00008920       addplibrary                0000000140009920 f   main.obj
 0001:00008a40       pinclude                   0000000140009a40 f   main.obj
 0001:00008c60       macrodefine                0000000140009c60 f   main.obj
 0001:00009080       scanparam                  000000014000a080 f   main.obj
 0001:00009150       macroeval                  000000014000a150 f   main.obj
 0001:00009580       scantill                   000000014000a580 f   main.obj
 0001:000096e0       readkeylibs                000000014000a6e0 f   main.obj
 0001:00009750       filedefining               000000014000a750 f   main.obj
 0001:000097e0       loadsymfile                000000014000a7e0 f   main.obj
 0001:00009bd0       filetoph                   000000014000abd0 f   main.obj
 0001:00009c20       kpathsearch                000000014000ac20 f   main.obj
 0001:00009c80       mpathsearch                000000014000ac80 f   main.obj
 0001:00009ce0       pathsearch                 000000014000ace0 f   main.obj
 0001:00009eb0       makeparts                  000000014000aeb0 f   main.obj
 0001:0000a0d0       keymain                    000000014000b0d0 f   main.obj
 0001:0000a820       __local_stdio_scanf_options 000000014000b820 f i main.obj
 0001:0000a830       _vsscanf_l                 000000014000b830 f i main.obj
 0001:0000a880       sscanf                     000000014000b880 f i main.obj
 0001:0000a8d0       vfprintf                   000000014000b8d0 f i main.obj
 0001:0000a900       vsprintf                   000000014000b900 f i main.obj
 0001:0000a940       addtobechecked             000000014000b940 f   util.obj
 0001:0000aa70       httobechecked              000000014000ba70 f   util.obj
 0001:0000ab50       phrmerge                   000000014000bb50 f   util.obj
 0001:0000ae50       phdump                     000000014000be50 f   util.obj
 0001:0000af10       ph1dump                    000000014000bf10 f   util.obj
 0001:0000afa0       phcheck                    000000014000bfa0 f   util.obj
 0001:0000b150       htcheck                    000000014000c150 f   util.obj
 0001:0000b330       strend                     000000014000c330 f   util.obj
 0001:0000b360       keyrand                    000000014000c360 f   util.obj
 0001:0000b3d0       keysrand                   000000014000c3d0 f   util.obj
 0001:0000b420       phputc                     000000014000c420 f   util.obj
 0001:0000b4c0       phputs                     000000014000c4c0 f   util.obj
 0001:0000b560       messprint                  000000014000c560 f   util.obj
 0001:0000b720       phprint                    000000014000c720 f   util.obj
 0001:0000bab0       nttostr                    000000014000cab0 f   util.obj
 0001:0000bcd0       phsize                     000000014000ccd0 f   util.obj
 0001:0000bd60       picknt                     000000014000cd60 f   util.obj
 0001:0000bde0       phrinphr                   000000014000cde0 f   util.obj
 0001:0000bea0       atypestr                   000000014000cea0 f   util.obj
 0001:0000c010       typestr                    000000014000d010 f   util.obj
 0001:0000c070       dotstr                     000000014000d070 f   util.obj
 0001:0000c170       phdotvalue                 000000014000d170 f   util.obj
 0001:0000c4a0       ntdotvalue                 000000014000d4a0 f   util.obj
 0001:0000c780       getnumval                  000000014000d780 f   util.obj
 0001:0000cb50       getdblval                  000000014000db50 f   util.obj
 0001:0000cc40       getnmtype                  000000014000dc40 f   util.obj
 0001:0000ccc0       findfile                   000000014000dcc0 f   util.obj
 0001:0000cd40       getnclose                  000000014000dd40 f   util.obj
 0001:0000cde0       getnopen                   000000014000dde0 f   util.obj
 0001:0000cfb0       closefile                  000000014000dfb0 f   util.obj
 0001:0000d0f0       forinerr                   000000014000e0f0 f   util.obj
 0001:0000d110       inerr                      000000014000e110 f   util.obj
 0001:0000d130       newin                      000000014000e130 f   util.obj
 0001:0000d200       freeiseg                   000000014000e200 f   util.obj
 0001:0000d250       freecode                   000000014000e250 f   util.obj
 0001:0000d270       freeinode                  000000014000e270 f   util.obj
 0001:0000d2a0       newlk                      000000014000e2a0 f   util.obj
 0001:0000d370       unlinklk                   000000014000e370 f   util.obj
 0001:0000d420       freelk                     000000014000e420 f   util.obj
 0001:0000d450       findtoplk                  000000014000e450 f   util.obj
 0001:0000d4d0       unlocktid                  000000014000e4d0 f   util.obj
 0001:0000d5c0       unlocklk                   000000014000e5c0 f   util.obj
 0001:0000d6b0       rmalllocks                 000000014000e6b0 f   util.obj
 0001:0000d700       newobj                     000000014000e700 f   util.obj
 0001:0000d880       findobjnum                 000000014000e880 f   util.obj
 0001:0000d8d0       unlinkobj                  000000014000e8d0 f   util.obj
 0001:0000d970       freeobj                    000000014000e970 f   util.obj
 0001:0000d9b0       newdn                      000000014000e9b0 f   util.obj
 0001:0000da70       freedn                     000000014000ea70 f   util.obj
 0001:0000daa0       freednodes                 000000014000eaa0 f   util.obj
 0001:0000daf0       strdatum                   000000014000eaf0 f   util.obj
 0001:0000db40       dbldatum                   000000014000eb40 f   util.obj
 0001:0000db90       phrdatum                   000000014000eb90 f   util.obj
 0001:0000dbe0       codepdatum                 000000014000ebe0 f   util.obj
 0001:0000dc30       framedatum                 000000014000ec30 f   util.obj
 0001:0000dc80       datumdatum                 000000014000ec80 f   util.obj
 0001:0000dcd0       notedatum                  000000014000ecd0 f   util.obj
 0001:0000dd20       symdatum                   000000014000ed20 f   util.obj
 0001:0000dd70       fifodatum                  000000014000ed70 f   util.obj
 0001:0000ddc0       taskdatum                  000000014000edc0 f   util.obj
 0001:0000de10       arrdatum                   000000014000ee10 f   util.obj
 0001:0000de60       objdatum                   000000014000ee60 f   util.obj
 0001:0000deb0       put_ipcode                 000000014000eeb0 f   util.obj
 0001:0000e000       put_funccode               000000014000f000 f   util.obj
 0001:0000e030       put_bltincode              000000014000f030 f   util.obj
 0001:0000e060       put_strcode                000000014000f060 f   util.obj
 0001:0000e1b0       put_dblcode                000000014000f1b0 f   util.obj
 0001:0000e300       put_numcode                000000014000f300 f   util.obj
 0001:0000e330       put_symcode                000000014000f330 f   util.obj
 0001:0000e480       put_phrcode                000000014000f480 f   util.obj
 0001:0000e5d0       scan_strcode               000000014000f5d0 f   util.obj
 0001:0000e720       scan_symcode               000000014000f720 f   util.obj
 0001:0000e870       scan_dblcode               000000014000f870 f   util.obj
 0001:0000e9c0       scan_phrcode               000000014000f9c0 f   util.obj
 0001:0000eb10       scan_ipcode                000000014000fb10 f   util.obj
 0001:0000ec60       nparamsof                  000000014000fc60 f   util.obj
 0001:0000ec90       symof                      000000014000fc90 f   util.obj
 0001:0000ecd0       nlocalsof                  000000014000fcd0 f   util.obj
 0001:0000ed10       firstinstof                000000014000fd10 f   util.obj
 0001:0000ed60       varinum_put                000000014000fd60 f   util.obj
 0001:0000ee70       varinum_size               000000014000fe70 f   util.obj
 0001:0000ef40       scan_numcode               000000014000ff40 f   util.obj
 0001:0000f040       scan_numcode1              0000000140010040 f   util.obj
 0001:0000f100       osc_padit                  0000000140010100 f   util.obj
 0001:0000f170       osc_pack_str               0000000140010170 f   util.obj
 0001:0000f230       osc_pack_int               0000000140010230 f   util.obj
 0001:0000f310       osc_pack_dbl               0000000140010310 f   util.obj
 0001:0000f400       osc_scanstring             0000000140010400 f   util.obj
 0001:0000f560       osc_scanint                0000000140010560 f   util.obj
 0001:0000f5c0       osc_scantimetag            00000001400105c0 f   util.obj
 0001:0000f660       osc_scanblob               0000000140010660 f   util.obj
 0001:0000f760       osc_scanfloat              0000000140010760 f   util.obj
 0001:0000f7d0       osc_array                  00000001400107d0 f   util.obj
 0001:0000ff30       exists                     0000000140010f30 f   misc.obj
 0001:0000ffc0       myfclose                   0000000140010fc0 f   misc.obj
 0001:00010010       hexchar                    0000000140011010 f   misc.obj
 0001:00010070       numscan                    0000000140011070 f   misc.obj
 0001:00010130       prlongto                   0000000140011130 f   misc.obj
 0001:00010200       printto                    0000000140011200 f   misc.obj
 0001:000102c0       strsave                    00000001400112c0 f   misc.obj
 0001:00010390       stdioname                  0000000140011390 f   misc.obj
 0001:000103d0       allocerror                 00000001400113d0 f   misc.obj
 0001:00010410       allocate                   0000000140011410 f   misc.obj
 0001:00010450       myfree                     0000000140011450 f   misc.obj
 0001:00010480       myfgets                    0000000140011480 f   misc.obj
 0001:000105d0       resetdef                   00000001400115d0 f   phrase.obj
 0001:00010640       saniport                   0000000140011640 f   phrase.obj
 0001:00010670       newnt                      0000000140011670 f   phrase.obj
 0001:00010780       savemess                   0000000140011780 f   phrase.obj
 0001:00010840       ntfree                     0000000140011840 f   phrase.obj
 0001:000108d0       ntcopy                     00000001400118d0 f   phrase.obj
 0001:00010a60       freents                    0000000140011a60 f   phrase.obj
 0001:00010ab0       bytescmp                   0000000140011ab0 f   phrase.obj
 0001:00010b80       utypeof                    0000000140011b80 f   phrase.obj
 0001:00010bd0       ntcmporder                 0000000140011bd0 f   phrase.obj
 0001:00010e30       ntcmpxact                  0000000140011e30 f   phrase.obj
 0001:000110a0       phcopy                     00000001400120a0 f   phrase.obj
 0001:00011180       phreorder                  0000000140012180 f   phrase.obj
 0001:00011290       phcutusertype              0000000140012290 f   phrase.obj
 0001:00011350       phcutcontroller            0000000140012350 f   phrase.obj
 0001:00011430       phcutflags                 0000000140012430 f   phrase.obj
 0001:000114a0       phcutchannel               00000001400124a0 f   phrase.obj
 0001:00011570       phcut                      0000000140012570 f   phrase.obj
 0001:00011660       phcutincl                  0000000140012660 f   phrase.obj
 0001:00011760       phcuttrunc                 0000000140012760 f   phrase.obj
 0001:000118f0       newph                      00000001400128f0 f   phrase.obj
 0001:00011a00       reinitph                   0000000140012a00 f   phrase.obj
 0001:00011a50       ntinsert                   0000000140012a50 f   phrase.obj
 0001:00011b60       ntdelete                   0000000140012b60 f   phrase.obj
 0001:00011c20       usertypeof                 0000000140012c20 f   phrase.obj
 0001:00011ef0       phtype                     0000000140012ef0 f   phrase.obj
 0001:00011f70       notetoke                   0000000140012f70 f   phrase.obj
 0001:00012380       yyphrase                   0000000140013380 f   phrase.obj
 0001:00012540       strinput                   0000000140013540 f   phrase.obj
 0001:00012590       strtophr                   0000000140013590 f   phrase.obj
 0001:000125c0       ntbytesleng                00000001400135c0 f   phrase.obj
 0001:00012600       ntparse                    0000000140013600 f   phrase.obj
 0001:000128f0       attscan                    00000001400138f0 f   phrase.obj
 0001:000129a0       strtont                    00000001400139a0 f   phrase.obj
 0001:00012eb0       messtont                   0000000140013eb0 f   phrase.obj
 0001:000131d0       strtotextmess              00000001400141d0 f   phrase.obj
 0001:00013470       ptrtobyte                  0000000140014470 f   phrase.obj
 0001:00013520       newcontext                 0000000140014520 f   sym.obj
 0001:000135b0       popcontext                 00000001400145b0 f   sym.obj
 0001:00013610       newsy                      0000000140014610 f   sym.obj
 0001:000136e0       freesy                     00000001400146e0 f   sym.obj
 0001:00013710       findsym                    0000000140014710 f   sym.obj
 0001:000137a0       findobjsym                 00000001400147a0 f   sym.obj
 0001:000138e0       uniqvar                    00000001400148e0 f   sym.obj
 0001:000139d0       lookup                     00000001400149d0 f   sym.obj
 0001:00013a50       localinstall               0000000140014a50 f   sym.obj
 0001:00013af0       globalinstall              0000000140014af0 f   sym.obj
 0001:00013b60       globalinstallnew           0000000140014b60 f   sym.obj
 0001:00013ba0       syminstall                 0000000140014ba0 f   sym.obj
 0001:00013d00       clearsym                   0000000140014d00 f   sym.obj
 0001:00013e70       neednum                    0000000140014e70 f   sym.obj
 0001:00013f10       needfunc                   0000000140014f10 f   sym.obj
 0001:00013f70       needobj                    0000000140014f70 f   sym.obj
 0001:00013fd0       needfifo                   0000000140014fd0 f   sym.obj
 0001:00014090       needvalidfifo              0000000140015090 f   sym.obj
 0001:00014140       needstr                    0000000140015140 f   sym.obj
 0001:000141a0       needarr                    00000001400151a0 f   sym.obj
 0001:00014200       needphr                    0000000140015200 f   sym.obj
 0001:00014260       datumstr                   0000000140015260 f   sym.obj
 0001:000144a0       newarrdatum                00000001400154a0 f   sym.obj
 0001:00014530       globarray                  0000000140015530 f   sym.obj
 0001:000145b0       phrsplit                   00000001400155b0 f   sym.obj
 0001:00014a40       strsplit                   0000000140015a40 f   sym.obj
 0001:00014d60       setarraydata               0000000140015d60 f   sym.obj
 0001:00014e00       setarrayelem               0000000140015e00 f   sym.obj
 0001:00014e90       fputdatum                  0000000140015e90 f   sym.obj
 0001:00015040       installnum                 0000000140016040 f   sym.obj
 0001:000150e0       installstr                 00000001400160e0 f   sym.obj
 0001:00015160       funcdp                     0000000140016160 f   sym.obj
 0001:00015260       initsyms                   0000000140016260 f   sym.obj
 0001:000158a0       initsyms2                  00000001400168a0 f   sym.obj
 0001:00015970       initstrs                   0000000140016970 f   sym.obj
 0001:00016160       pfprint                    0000000140017160 f   sym.obj
 0001:00016190       phtofile                   0000000140017190 f   sym.obj
 0001:00016200       vartofile                  0000000140017200 f   sym.obj
 0001:000162f0       filetovar                  00000001400172f0 f   sym.obj
 0001:00016460       newhn                      0000000140017460 f   sym.obj
 0001:00016530       freehn                     0000000140017530 f   sym.obj
 0001:00016640       newht                      0000000140017640 f   sym.obj
 0001:00016840       clearht                    0000000140017840 f   sym.obj
 0001:000168f0       freeht                     00000001400178f0 f   sym.obj
 0001:00016a50       htlists                    0000000140017a50 f   sym.obj
 0001:00016bb0       uniqstr                    0000000140017bb0 f   sym.obj
 0001:00016e00       isundefd                   0000000140017e00 f   sym.obj
 0001:00016e80       hashtable                  0000000140017e80 f   sym.obj
 0001:000171c0       arraysym                   00000001400181c0 f   sym.obj
 0001:00017410       arrsize                    0000000140018410 f   sym.obj
 0001:00017430       dtcmp                      0000000140018430 f   sym.obj
 0001:00017490       arrlist                    0000000140018490 f   sym.obj
 0001:000175d0       hashvisit                  00000001400185d0 f   sym.obj
 0001:00017920       arrtomf                    0000000140018920 f   keyto.obj
 0001:00018fa0       resetstack                 0000000140019fa0 f   code.obj
 0001:00018fc0       underflow                  0000000140019fc0 f   code.obj
 0001:00018fe0       i_pop                      0000000140019fe0 f   code.obj
 0001:000190f0       clriseg                    000000014001a0f0 f   code.obj
 0001:00019150       pushiseg                   000000014001a150 f   code.obj
 0001:000192b0       inodes2code                000000014001a2b0 f   code.obj
 0001:00019610       popiseg                    000000014001a610 f   code.obj
 0001:000196d0       rminstnode                 000000014001a6d0 f   code.obj
 0001:00019740       instnodepatch              000000014001a740 f   code.obj
 0001:000197a0       optiseg                    000000014001a7a0 f   code.obj
 0001:00019ed0       futureinstnode             000000014001aed0 f   code.obj
 0001:00019ef0       addinode                   000000014001aef0 f   code.obj
 0001:00019f70       code                       000000014001af70 f   code.obj
 0001:00019fe0       numinst                    000000014001afe0 f   code.obj
 0001:0001a040       strinst                    000000014001b040 f   code.obj
 0001:0001a0b0       dblinst                    000000014001b0b0 f   code.obj
 0001:0001a120       syminst                    000000014001b120 f   code.obj
 0001:0001a190       phrinst                    000000014001b190 f   code.obj
 0001:0001a200       instnodeinst               000000014001b200 f   code.obj
 0001:0001a270       realfuncinst               000000014001b270 f   code.obj
 0001:0001a2e0       bltininst                  000000014001b2e0 f   code.obj
 0001:0001a340       previnstnode               000000014001b340 f   code.obj
 0001:0001a3a0       ptincode                   000000014001b3a0 f   code.obj
 0001:0001a3f0       i_dblpush                  000000014001b3f0 f   code.obj
 0001:0001a4f0       i_stringpush               000000014001b4f0 f   code.obj
 0001:0001a5e0       i_phrasepush               000000014001b5e0 f   code.obj
 0001:0001a6d0       makeroom                   000000014001b6d0 f   code.obj
 0001:0001a7d0       reinitmsg2                 000000014001b7d0 f   code.obj
 0001:0001a7f0       ptomsg2                    000000014001b7f0 f   code.obj
 0001:0001a870       reinitmsg3                 000000014001b870 f   code.obj
 0001:0001a890       ptomsg3                    000000014001b890 f   code.obj
 0001:0001a910       phrstr                     000000014001b910 f   code.obj
 0001:0001a950       dtostr                     000000014001b950 f   code.obj
 0001:0001aa00       dtoindex                   000000014001ba00 f   code.obj
 0001:0001ab00       expectarr                  000000014001bb00 f   code.obj
 0001:0001ab80       i_arrend                   000000014001bb80 f   code.obj
 0001:0001aee0       i_arraypush                000000014001bee0 f   code.obj
 0001:0001b260       i_incond                   000000014001c260 f   code.obj
 0001:0001b5a0       startclass                 000000014001c5a0 f   code.obj
 0001:0001b5d0       endclass                   000000014001c5d0 f   code.obj
 0001:0001b600       startdef                   000000014001c600 f   code.obj
 0001:0001b760       enddef                     000000014001c760 f   code.obj
 0001:0001b7c0       callfuncd                  000000014001c7c0 f   code.obj
 0001:0001c5a0       ret                        000000014001d5a0 f   code.obj
 0001:0001cc30       redoarg0                   000000014001dc30 f   code.obj
 0001:0001cce0       symdataptr                 000000014001dce0 f   code.obj
 0001:0001cde0       i_divcode                  000000014001dde0 f   code.obj
 0001:0001d100       i_par                      000000014001e100 f   code.obj
 0001:0001d420       i_amp                      000000014001e420 f   code.obj
 0001:0001d740       dlshift                    000000014001e740 f   code.obj
 0001:0001d850       drightshift                000000014001e850 f   code.obj
 0001:0001d960       i_lshift                   000000014001e960 f   code.obj
 0001:0001dc80       i_rightshift               000000014001ec80 f   code.obj
 0001:0001dfa0       i_negate                   000000014001efa0 f   code.obj
 0001:0001e220       i_tilda                    000000014001f220 f   code.obj
 0001:0001e450       i_lt                       000000014001f450 f   code.obj
 0001:0001e720       i_gt                       000000014001f720 f   code.obj
 0001:0001e9f0       i_le                       000000014001f9f0 f   code.obj
 0001:0001ecc0       i_ge                       000000014001fcc0 f   code.obj
 0001:0001ef90       i_ne                       000000014001ff90 f   code.obj
 0001:0001f260       i_eq                       0000000140020260 f   code.obj
 0001:0001f530       i_regexeq                  0000000140020530 f   code.obj
 0001:0001f920       dcompare                   0000000140020920 f   code.obj
 0001:0001ff60       i_and1                     0000000140020f60 f   code.obj
 0001:00020140       i_or1                      0000000140021140 f   code.obj
 0001:00020320       i_not                      0000000140021320 f   code.obj
 0001:00020550       prdatum                    0000000140021550 f   code.obj
 0001:00020aa0       i_noop                     0000000140021aa0 f   code.obj
 0001:00020ab0       prstack                    0000000140021ab0 f   code.obj
 0001:00020e00       i_popignore                0000000140021e00 f   code2.obj
 0001:00020f40       i_defined                  0000000140021f40 f   code2.obj
 0001:00021060       i_objdefined               0000000140022060 f   code2.obj
 0001:000213d0       i_currobjdefined           00000001400223d0 f   code2.obj
 0001:00021500       i_realobjdefined           0000000140022500 f   code2.obj
 0001:00021630       i_task                     0000000140022630 f   code2.obj
 0001:000218b0       undefsym                   00000001400228b0 f   code2.obj
 0001:00021900       i_undefine                 0000000140022900 f   code2.obj
 0001:00021930       phresh                     0000000140022930 f   code2.obj
 0001:00021990       dphresh                    0000000140022990 f   code2.obj
 0001:000219f0       doop                       00000001400229f0 f   code2.obj
 0001:00021b70       datumdoop                  0000000140022b70 f   code2.obj
 0001:00022050       dmodulo                    0000000140023050 f   code2.obj
 0001:00022320       i_dot                      0000000140023320 f   code2.obj
 0001:00022540       i_modulo                   0000000140023540 f   code2.obj
 0001:00022860       addstr                     0000000140023860 f   code2.obj
 0001:00022970       dadd                       0000000140023970 f   code2.obj
 0001:00022df0       i_addcode                  0000000140023df0 f   code2.obj
 0001:00023110       phrop                      0000000140024110 f   code2.obj
 0001:00023550       phrcmp                     0000000140024550 f   code2.obj
 0001:00023600       dsub                       0000000140024600 f   code2.obj
 0001:000239c0       i_subcode                  00000001400249c0 f   code2.obj
 0001:00023ce0       dmul                       0000000140024ce0 f   code2.obj
 0001:00024000       i_mulcode                  0000000140025000 f   code2.obj
 0001:00024320       dxor                       0000000140025320 f   code2.obj
 0001:00024410       i_xorcode                  0000000140025410 f   code2.obj
 0001:00024730       ddiv                       0000000140025730 f   code2.obj
 0001:00024ad0       dpar                       0000000140025ad0 f   code2.obj
 0001:00024d50       damp                       0000000140025d50 f   code2.obj
 0001:00024f20       setval                     0000000140025f20 f   code2.obj
 0001:000252d0       ntassign                   00000001400262d0 f   code2.obj
 0001:000253e0       phrvarinit                 00000001400263e0 f   code2.obj
 0001:00025450       i_dotassign                0000000140026450 f   code2.obj
 0001:00025480       i_moddotassign             0000000140026480 f   code2.obj
 0001:000254b0       i_modassign                00000001400264b0 f   code2.obj
 0001:000254d0       i_varassign                00000001400264d0 f   code2.obj
 0001:000254f0       assign                     00000001400264f0 f   code2.obj
 0001:00026c90       fakeval                    0000000140027c90 f   code2.obj
 0001:00026d00       recodeassign               0000000140027d00 f   code2.obj
 0001:000273c0       i_deleteit                 00000001400283c0 f   code2.obj
 0001:00027530       i_deletearritem            0000000140028530 f   code2.obj
 0001:000277e0       recodedelete               00000001400287e0 f   code2.obj
 0001:00027890       i_readonlyit               0000000140028890 f   code2.obj
 0001:000278d0       i_onchangeit               00000001400288d0 f   code2.obj
 0001:00027a20       i_eval                     0000000140028a20 f   code2.obj
 0001:00027c40       startgraphics              0000000140028c40 f   grid.obj
 0001:00027d00       my_plotmode                0000000140028d00 f   grid.obj
 0001:00027d30       showsane                   0000000140028d30 f   grid.obj
 0001:00027eb0       redrawpwind                0000000140028eb0 f   grid.obj
 0001:00027f90       drawbars                   0000000140028f90 f   grid.obj
 0001:000281f0       centertext                 00000001400291f0 f   grid.obj
 0001:00028280       righttext                  0000000140029280 f   grid.obj
 0001:000282c0       gridphresh                 00000001400292c0 f   grid.obj
 0001:000283a0       windorigx                  00000001400293a0 f   grid.obj
 0001:000283d0       drawph                     00000001400293d0 f   grid.obj
 0001:00028480       setupchancolors            0000000140029480 f   grid.obj
 0001:000285b0       drawclipped                00000001400295b0 f   grid.obj
 0001:00028ee0       setnotecolor               0000000140029ee0 f   grid.obj
 0001:00028f80       closestnt                  0000000140029f80 f   grid.obj
 0001:000291d0       drawnonnt                  000000014002a1d0 f   grid.obj
 0001:00029480       nonnoteinfo                000000014002a480 f   grid.obj
 0001:000297e0       textnoteinfo               000000014002a7e0 f   grid.obj
 0001:00029c30       nonnotesize                000000014002ac30 f   grid.obj
 0001:00029ee0       ntbox                      000000014002aee0 f   grid.obj
 0001:0002a450       clipcode                   000000014002b450 f   grid.obj
 0001:0002a4e0       fullclipit                 000000014002b4e0 f   grid.obj
 0001:0002a7f0       rectclipit                 000000014002b7f0 f   grid.obj
 0001:0002aa40       gridline                   000000014002ba40 f   grid.obj
 0001:0002ae40       gridtext                   000000014002be40 f   grid.obj
 0001:0002afe0       dispclip                   000000014002bfe0 f   grid.obj
 0001:0002b0b0       longquant                  000000014002c0b0 f   grid.obj
 0001:0002b170       pitchyraw                  000000014002c170 f   grid.obj
 0001:0002b1e0       pitchtoy                   000000014002c1e0 f   grid.obj
 0001:0002b260       xytogrid                   000000014002c260 f   grid.obj
 0001:0002b760       pharea                     000000014002c760 f   grid.obj
 0001:0002b8b0       gridpan                    000000014002c8b0 f   grid.obj
 0001:0002c2a0       v_reallocbitmap            000000014002d2a0 f   view.obj
 0001:0002c370       v_linenorm                 000000014002d370 f   view.obj
 0001:0002c3d0       v_settextsize              000000014002d3d0 f   view.obj
 0001:0002c510       v_setxy                    000000014002d510 f   view.obj
 0001:0002c5b0       drawsweep                  000000014002d5b0 f   view.obj
 0001:0002c6e0       sanequant                  000000014002d6e0 f   view.obj
 0001:0002c960       dosweepstart               000000014002d960 f   view.obj
 0001:0002d140       redrawmenu                 000000014002e140 f   view.obj
 0001:0002d190       mouseblock                 000000014002e190 f   view.obj
 0001:0002d1e0       xyquant                    000000014002e1e0 f   view.obj
 0001:0002d450       getmxy                     000000014002e450 f   view.obj
 0001:0002d560       fixxy                      000000014002e560 f   view.obj
 0001:0002d610       i_dosweepcont              000000014002e610 f   view.obj
 0001:0002dc70       ptbuffer                   000000014002ec70 f   view.obj
 0001:0002dcb0       v_string                   000000014002ecb0 f   view.obj
 0001:0002dce0       wprint                     000000014002ece0 f   view.obj
 0001:0002dd30       v_stringwind               000000014002ed30 f   view.obj
 0001:0002dfa0       v_echar                    000000014002efa0 f   view.obj
 0001:0002e010       v_textdo                   000000014002f010 f   view.obj
 0001:0002e050       v_texttobottom             000000014002f050 f   view.obj
 0001:0002e0b0       toplnum_decr               000000014002f0b0 f   view.obj
 0001:0002e120       toplnum_incr               000000014002f120 f   view.obj
 0001:0002e190       textscrollupdate           000000014002f190 f   view.obj
 0001:0002e3f0       v_scrolldisplay            000000014002f3f0 f   view.obj
 0001:0002e570       v_scrollbuff               000000014002f570 f   view.obj
 0001:0002e660       drawtextbar                000000014002f660 f   view.obj
 0001:0002e760       redrawtext                 000000014002f760 f   view.obj
 0001:0002e990       menustringat               000000014002f990 f   menu.obj
 0001:0002ea80       menuconstruct              000000014002fa80 f   menu.obj
 0001:0002efe0       m_menuitem                 000000014002ffe0 f   menu.obj
 0001:0002f000       menusetsize                0000000140030000 f   menu.obj
 0001:0002f0a0       menucalcxy                 00000001400300a0 f   menu.obj
 0001:0002f420       drawchoice                 0000000140030420 f   menu.obj
 0001:0002f550       highchoice                 0000000140030550 f   menu.obj
 0001:0002f570       unhighchoice               0000000140030570 f   menu.obj
 0001:0002f5a0       boundit                    00000001400305a0 f   menu.obj
 0001:0002f5e0       scrollupdate               00000001400305e0 f   menu.obj
 0001:0002f9f0       menuchoice                 00000001400309f0 f   menu.obj
 0001:0002fb60       m_reset                    0000000140030b60 f   menu.obj
 0001:0002fb70       m_init                     0000000140030b70 f   menu.obj
 0001:0002fbb0       m_menudo                   0000000140030bb0 f   menu.obj
 0001:0002ff80       funcnameof                 0000000140030f80 f   task.obj
 0001:0002fff0       taskptr                    0000000140030ff0 f   task.obj
 0001:00030060       restartexec                0000000140031060 f   task.obj
 0001:00030080       makesuredefined            0000000140031080 f   task.obj
 0001:00030110       checkports                 0000000140031110 f   task.obj
 0001:000305f0       handlewaitfor              00000001400315f0 f   task.obj
 0001:00030910       exectasks                  0000000140031910 f   task.obj
 0001:00030bb0       loadsym                    0000000140031bb0 f   task.obj
 0001:00030cb0       i_vareval                  0000000140031cb0 f   task.obj
 0001:00030cd0       i_objvareval               0000000140031cd0 f   task.obj
 0001:00031090       i_funcnamed                0000000140032090 f   task.obj
 0001:000312f0       i_lvareval                 00000001400322f0 f   task.obj
 0001:000314c0       i_gvareval                 00000001400324c0 f   task.obj
 0001:000316b0       i_varpush                  00000001400326b0 f   task.obj
 0001:00031790       i_objvarpush               0000000140032790 f   task.obj
 0001:00031b70       i_callfunc                 0000000140032b70 f   task.obj
 0001:00031ba0       i_objcallfuncpush          0000000140032ba0 f   task.obj
 0001:00032080       i_objcallfunc              0000000140033080 f   task.obj
 0001:000320b0       i_array                    00000001400330b0 f   task.obj
 0001:000322f0       filelinetrace              00000001400332f0 f   task.obj
 0001:00032360       i_linenum                  0000000140033360 f   task.obj
 0001:000323a0       i_filename                 00000001400333a0 f   task.obj
 0001:000323d0       printmeth                  00000001400333d0 f   task.obj
 0001:00032480       i_pushinfo                 0000000140033480 f   task.obj
 0001:00032840       i_popinfo                  0000000140033840 f   task.obj
 0001:00032ad0       i_typeof                   0000000140033ad0 f   task.obj
 0001:00032cd0       i_xy2                      0000000140033cd0 f   task.obj
 0001:00033020       i_xy4                      0000000140034020 f   task.obj
 0001:00033640       i_nargs                    0000000140034640 f   task.obj
 0001:000337e0       i_classinit                00000001400347e0 f   task.obj
 0001:00033f30       i_forin1                   0000000140034f30 f   task.obj
 0001:00034700       i_forin2                   0000000140035700 f   task.obj
 0001:00034920       i_popnreturn               0000000140035920 f   task.obj
 0001:00034a60       i_stop                     0000000140035a60 f   task.obj
 0001:00035000       i_select1                  0000000140036000 f   task.obj
 0001:000354a0       i_select2                  00000001400364a0 f   task.obj
 0001:00035d00       i_select3                  0000000140036d00 f   task.obj
 0001:00035ec0       i_print                    0000000140036ec0 f   task.obj
 0001:000360b0       keyprintf                  00000001400370b0 f   task.obj
 0001:000364a0       checkmouse                 00000001400374a0 f   task.obj
 0001:000365b0       handleconsole              00000001400375b0 f   task.obj
 0001:00036760       doanint                    0000000140037760 f   task.obj
 0001:000367b0       i_goto                     00000001400377b0 f   task.obj
 0001:000367e0       i_tfcondeval               00000001400377e0 f   task.obj
 0001:00036980       i_tcondeval                0000000140037980 f   task.obj
 0001:00036b00       i_constant                 0000000140037b00 f   task.obj
 0001:00036be0       i_dotdotarg                0000000140037be0 f   task.obj
 0001:00036ea0       i_varg                     0000000140037ea0 f   task.obj
 0001:00037250       i_currobjeval              0000000140038250 f   task.obj
 0001:000374c0       i_constobjeval             00000001400384c0 f   task.obj
 0001:000375e0       i_ecurrobjeval             00000001400385e0 f   task.obj
 0001:000376f0       i_erealobjeval             00000001400386f0 f   task.obj
 0001:00037800       i_returnv                  0000000140038800 f   task.obj
 0001:00037940       i_return                   0000000140038940 f   task.obj
 0001:00037980       i_qmark                    0000000140038980 f   task.obj
 0001:00037a80       forinjumptoend             0000000140038a80 f   task.obj
 0001:00037ae0       i_forinend                 0000000140038ae0 f   task.obj
 0001:00037e30       rmalltasksfifos            0000000140038e30 f   task.obj
 0001:00037e70       startreboot                0000000140038e70 f   task.obj
 0001:00037f50       nestinstruct               0000000140038f50 f   task.obj
 0001:00038300       taskfunc0                  0000000140039300 f   task.obj
 0001:000387f0       pushdnodes                 00000001400397f0 f   task.obj
 0001:00038980       taskfuncn                  0000000140039980 f   task.obj
 0001:00038e90       initstack                  0000000140039e90 f   task.obj
 0001:00038f30       newtask                    0000000140039f30 f   task.obj
 0001:000390e0       setrunning                 000000014003a0e0 f   task.obj
 0001:00039100       restarttask                000000014003a100 f   task.obj
 0001:00039130       taskunrun                  000000014003a130 f   task.obj
 0001:00039160       taskcollectchildren        000000014003a160 f   task.obj
 0001:00039240       taskkill                   000000014003a240 f   task.obj
 0001:00039390       taskunwait                 000000014003a390 f   task.obj
 0001:000393f0       wakewaiters                000000014003a3f0 f   task.obj
 0001:00039440       taskbury                   000000014003a440 f   task.obj
 0001:0003a1e0       printrunning               000000014003b1e0 f   task.obj
 0001:0003a270       newtp                      000000014003b270 f   task.obj
 0001:0003a470       linktask                   000000014003b470 f   task.obj
 0001:0003a4a0       freetp                     000000014003b4a0 f   task.obj
 0001:0003a540       deletetask                 000000014003b540 f   task.obj
 0001:0003a5a0       unlinktask                 000000014003b5a0 f   task.obj
 0001:0003a640       expandstack                000000014003b640 f   task.obj
 0001:0003a670       expandstackatleast         000000014003b670 f   task.obj
 0001:0003a910       infiniteloop               000000014003b910 f   task.obj
 0001:0003aa10       inittasks                  000000014003ba10 f   task.obj
 0001:0003ab00       eprfunc                    000000014003bb00 f   task.obj
 0001:0003ab90       initfifos                  000000014003bb90 f   fifo.obj
 0001:0003abf0       newfd                      000000014003bbf0 f   fifo.obj
 0001:0003ad20       freefd                     000000014003bd20 f   fifo.obj
 0001:0003ae30       fifoptr                    000000014003be30 f   fifo.obj
 0001:0003aea0       findport                   000000014003bea0 f   fifo.obj
 0001:0003aef0       port2fifo                  000000014003bef0 f   fifo.obj
 0001:0003af40       closefifo                  000000014003bf40 f   fifo.obj
 0001:0003b0f0       deletefifo                 000000014003c0f0 f   fifo.obj
 0001:0003b150       freeff                     000000014003c150 f   fifo.obj
 0001:0003b1a0       flushfifo                  000000014003c1a0 f   fifo.obj
 0001:0003b280       flushlinebuff              000000014003c280 f   fifo.obj
 0001:0003b320       closeallfifos              000000014003c320 f   fifo.obj
 0001:0003b350       nameofchar                 000000014003c350 f   fifo.obj
 0001:0003b380       putonconsinfifo            000000014003c380 f   fifo.obj
 0001:0003b580       putonconsoutfifo           000000014003c580 f   fifo.obj
 0001:0003b5e0       putonconsechofifo          000000014003c5e0 f   fifo.obj
 0001:0003b650       putonmousefifo             000000014003c650 f   fifo.obj
 0001:0003b9a0       putonmidiinfifo            000000014003c9a0 f   fifo.obj
 0001:0003b9d0       putntonfifo                000000014003c9d0 f   fifo.obj
 0001:0003ba60       findopt                    000000014003ca60 f   fifo.obj
 0001:0003bb70       isspecialfifo              000000014003cb70 f   fifo.obj
 0001:0003bb90       specialfifo                000000014003cb90 f   fifo.obj
 0001:0003bbf0       getafifo                   000000014003cbf0 f   fifo.obj
 0001:0003bda0       fifoctl2type               000000014003cda0 f   fifo.obj
 0001:0003be30       mode2flags                 000000014003ce30 f   fifo.obj
 0001:0003beb0       newfifo                    000000014003ceb0 f   fifo.obj
 0001:0003c220       fifosize                   000000014003d220 f   fifo.obj
 0001:0003c240       getfromfifo                000000014003d240 f   fifo.obj
 0001:0003c530       removedatafromfifo         000000014003d530 f   fifo.obj
 0001:0003c5e0       blockfifo                  000000014003d5e0 f   fifo.obj
 0001:0003c680       unblocktask                000000014003d680 f   fifo.obj
 0001:0003c6c0       getfifo                    000000014003d6c0 f   fifo.obj
 0001:0003c710       fputit                     000000014003d710 f   fifo.obj
 0001:0003c740       putfifo                    000000014003d740 f   fifo.obj
 0001:0003ca50       mgetc                      000000014003da50 f   mfin.obj
 0001:0003ca70       k_header                   000000014003da70 f   mfin.obj
 0001:0003cb30       k_starttrack               000000014003db30 f   mfin.obj
 0001:0003cc00       putnfree                   000000014003dc00 f   mfin.obj
 0001:0003cca0       putallnotes                000000014003dca0 f   mfin.obj
 0001:0003ccf0       k_endtrack                 000000014003dcf0 f   mfin.obj
 0001:0003cd10       k_noteon                   000000014003dd10 f   mfin.obj
 0001:0003cd70       queuenote                  000000014003dd70 f   mfin.obj
 0001:0003ce30       k_noteoff                  000000014003de30 f   mfin.obj
 0001:0003cfd0       k_pressure                 000000014003dfd0 f   mfin.obj
 0001:0003d010       k_controller               000000014003e010 f   mfin.obj
 0001:0003d050       k_pitchbend                000000014003e050 f   mfin.obj
 0001:0003d090       k_program                  000000014003e090 f   mfin.obj
 0001:0003d0c0       k_chanpressure             000000014003e0c0 f   mfin.obj
 0001:0003d0f0       threebytes                 000000014003e0f0 f   mfin.obj
 0001:0003d1c0       twobytes                   000000014003e1c0 f   mfin.obj
 0001:0003d270       queuemess                  000000014003e270 f   mfin.obj
 0001:0003d300       k_arbitrary                000000014003e300 f   mfin.obj
 0001:0003d330       k_tempo                    000000014003e330 f   mfin.obj
 0001:0003d3b0       k_timesig                  000000014003e3b0 f   mfin.obj
 0001:0003d490       k_keysig                   000000014003e490 f   mfin.obj
 0001:0003d520       k_chanprefix               000000014003e520 f   mfin.obj
 0001:0003d5a0       k_seqnum                   000000014003e5a0 f   mfin.obj
 0001:0003d620       k_smpte                    000000014003e620 f   mfin.obj
 0001:0003d6d0       k_metatext                 000000014003e6d0 f   mfin.obj
 0001:0003d860       mftoarr                    000000014003e860 f   mfin.obj
 0001:0003e7c0       chksched                   000000014003f7c0 f   real.obj
 0001:0003e840       psched                     000000014003f840 f   real.obj
 0001:0003e8b0       resetcurrphr               000000014003f8b0 f   real.obj
 0001:0003e940       initmidiport               000000014003f940 f   real.obj
 0001:0003e970       startrealtime              000000014003f970 f   real.obj
 0001:0003eca0       clrcontroller              000000014003fca0 f   real.obj
 0001:0003ed30       newtempo                   000000014003fd30 f   real.obj
 0001:0003edc0       resetreal                  000000014003fdc0 f   real.obj
 0001:0003ee10       finishoff                  000000014003fe10 f   real.obj
 0001:0003f0a0       addandput                  00000001400400a0 f   real.obj
 0001:0003f190       chkinput                   0000000140040190 f   real.obj
 0001:0003f350       chkoutput                  0000000140040350 f   real.obj
 0001:0003f920       ustrchr                    0000000140040920 f   real.obj
 0001:0003f990       chanofbyte                 0000000140040990 f   real.obj
 0001:0003f9d0       execnt                     00000001400409d0 f   real.obj
 0001:00040500       toomany                    0000000140041500 f   real.obj
 0001:00040570       rc_on                      0000000140041570 f   real.obj
 0001:000406c0       rc_off                     00000001400416c0 f   real.obj
 0001:000407e0       rc_mess                    00000001400417e0 f   real.obj
 0001:00040810       rc_messhandle              0000000140041810 f   real.obj
 0001:00040970       rc_control                 0000000140041970 f   real.obj
 0001:000409e0       rc_pressure                00000001400419e0 f   real.obj
 0001:00040a20       rc_program                 0000000140041a20 f   real.obj
 0001:00040a60       rc_chanpress               0000000140041a60 f   real.obj
 0001:00040aa0       rc_pitchbend               0000000140041aa0 f   real.obj
 0001:00040ae0       rc_sysex                   0000000140041ae0 f   real.obj
 0001:00040b20       rc_position                0000000140041b20 f   real.obj
 0001:00040b60       rc_song                    0000000140041b60 f   real.obj
 0001:00040ba0       rc_startstopcont           0000000140041ba0 f   real.obj
 0001:00040c80       rc_clock                   0000000140041c80 f   real.obj
 0001:00040dd0       chkcontroller              0000000140041dd0 f   real.obj
 0001:00040f50       qnote                      0000000140041f50 f   real.obj
 0001:00041080       noteon                     0000000140042080 f   real.obj
 0001:00041170       noteoff                    0000000140042170 f   real.obj
 0001:00041350       notemess                   0000000140042350 f   real.obj
 0001:00041460       ntrecord                   0000000140042460 f   real.obj
 0001:00041770       clrsched                   0000000140042770 f   real.obj
 0001:000417d0       newsch                     00000001400427d0 f   real.obj
 0001:00041880       unsched                    0000000140042880 f   real.obj
 0001:000419b0       freesch                    00000001400429b0 f   real.obj
 0001:00041b00       immsched                   0000000140042b00 f   real.obj
 0001:00041c30       taskphr                    0000000140042c30 f   real.obj
 0001:00041d10       schdwake                   0000000140042d10 f   real.obj
 0001:00042340       mdep_hello                 0000000140043340 f   mdep1.obj
 0001:00042370       mdep_bye                   0000000140043370 f   mdep1.obj
 0001:00042390       mdep_changedir             0000000140043390 f   mdep1.obj
 0001:000423b0       mdep_currentdir            00000001400433b0 f   mdep1.obj
 0001:000423f0       mdep_lsdir                 00000001400433f0 f   mdep1.obj
 0001:00042510       mdep_filetime              0000000140043510 f   mdep1.obj
 0001:00042580       mdep_fisatty               0000000140043580 f   mdep1.obj
 0001:000425c0       mdep_currtime              00000001400435c0 f   mdep1.obj
 0001:00042630       mdep_coreleft              0000000140043630 f   mdep1.obj
 0001:00042680       mdep_full_or_relative_path 0000000140043680 f   mdep1.obj
 0001:000426d0       mdep_makepath              00000001400436d0 f   mdep1.obj
 0001:000427a0       WinMain                    00000001400437a0 f   mdep2.obj
 0001:00042c30       mdep_popup                 0000000140043c30 f   mdep2.obj
 0001:00042ca0       mdep_statconsole           0000000140043ca0 f   mdep2.obj
 0001:00042cd0       mdep_getconsole            0000000140043cd0 f   mdep2.obj
 0001:00042d20       saveportevent              0000000140043d20 f   mdep2.obj
 0001:00042d40       joyinit                    0000000140043d40 f   mdep2.obj
 0001:00042f40       joyrelease                 0000000140043f40 f   mdep2.obj
 0001:00042f60       mdep_prerc                 0000000140043f60 f   mdep2.obj
 0001:00043010       mdep_initcolors            0000000140044010 f   mdep2.obj
 0001:000431a0       mdep_keypath               00000001400441a0 f   mdep2.obj
 0001:00043290       mdep_musicpath             0000000140044290 f   mdep2.obj
 0001:00043340       mdep_postrc                0000000140044340 f   mdep2.obj
 0001:00043350       mdep_abortexit             0000000140044350 f   mdep2.obj
 0001:00043380       mdep_shellexec             0000000140044380 f   mdep2.obj
 0001:000433a0       mdep_setinterrupt          00000001400443a0 f   mdep2.obj
 0001:000433f0       mdep_ignoreinterrupt       00000001400443f0 f   mdep2.obj
 0001:00043440       mdep_waitfor               0000000140044440 f   mdep2.obj
 0001:000435c0       mdep_startgraphics         00000001400445c0 f   mdep2.obj
 0001:00043760       mdep_browse                0000000140044760 f   mdep2.obj
 0001:00043aa0       mdep_screenresize          0000000140044aa0 f   mdep2.obj
 0001:00043b30       mdep_screensize            0000000140044b30 f   mdep2.obj
 0001:00043bf0       mdep_maxx                  0000000140044bf0 f   mdep2.obj
 0001:00043c00       mdep_maxy                  0000000140044c00 f   mdep2.obj
 0001:00043c10       mdep_plotmode              0000000140044c10 f   mdep2.obj
 0001:00043d70       mdep_endgraphics           0000000140044d70 f   mdep2.obj
 0001:00043db0       mdep_destroywindow         0000000140044db0 f   mdep2.obj
 0001:00043e10       mdep_line                  0000000140044e10 f   mdep2.obj
 0001:00043ee0       mdep_box                   0000000140044ee0 f   mdep2.obj
 0001:00043ff0       mdep_boxfill               0000000140044ff0 f   mdep2.obj
 0001:00044160       mdep_ellipse               0000000140045160 f   mdep2.obj
 0001:00044220       mdep_fillellipse           0000000140045220 f   mdep2.obj
 0001:000442d0       mdep_fillpolygon           00000001400452d0 f   mdep2.obj
 0001:000443e0       mdep_allocbitmap           00000001400453e0 f   mdep2.obj
 0001:000444a0       mdep_reallocbitmap         00000001400454a0 f   mdep2.obj
 0001:00044540       mdep_freebitmap            0000000140045540 f   mdep2.obj
 0001:00044590       mdep_movebitmap            0000000140045590 f   mdep2.obj
 0001:00044600       mdep_pullbitmap            0000000140045600 f   mdep2.obj
 0001:000446d0       mdep_putbitmap             00000001400456d0 f   mdep2.obj
 0001:000447a0       mdep_mouse                 00000001400457a0 f   mdep2.obj
 0001:00044800       mdep_mousewarp             0000000140045800 f   mdep2.obj
 0001:00044890       mdep_color                 0000000140045890 f   mdep2.obj
 0001:00044990       mdep_colormix              0000000140045990 f   mdep2.obj
 0001:00044a10       mdep_sync                  0000000140045a10 f   mdep2.obj
 0001:00044a30       mdep_fontinit              0000000140045a30 f   mdep2.obj
 0001:00044a70       mdep_fontheight            0000000140045a70 f   mdep2.obj
 0001:00044aa0       mdep_fontwidth             0000000140045aa0 f   mdep2.obj
 0001:00044ad0       mdep_string                0000000140045ad0 f   mdep2.obj
 0001:00044b40       mdep_setcursor             0000000140045b40 f   mdep2.obj
 0001:00044d00       udp_send                   0000000140045d00 f   mdep2.obj
 0001:00044da0       mdep_openport              0000000140045da0 f   mdep2.obj
 0001:000458b0       mdep_ctlport               00000001400468b0 f   mdep2.obj
 0001:00045950       mdep_putportdata           0000000140046950 f   mdep2.obj
 0001:00045a30       mdep_getportdata           0000000140046a30 f   mdep2.obj
 0001:00045e50       mdep_closeport             0000000140046e50 f   mdep2.obj
 0001:00045f60       mdep_help                  0000000140046f60 f   mdep2.obj
 0001:00046030       mdep_localaddresses        0000000140047030 f   mdep2.obj
 0001:00046110       my_ntohl                   0000000140047110 f   mdep2.obj
 0001:000492d0       wredraw1                   000000014004a2d0 f   kwind.obj
 0001:00049460       woutline                   000000014004a460 f   kwind.obj
 0001:000494a0       wshadow                    000000014004a4a0 f   kwind.obj
 0001:00049730       werase                     000000014004a730 f   kwind.obj
 0001:000497c0       validwind                  000000014004a7c0 f   kwind.obj
 0001:00049810       windptr                    000000014004a810 f   kwind.obj
 0001:000498a0       windlist                   000000014004a8a0 f   kwind.obj
 0001:00049920       windfinddeep               000000014004a920 f   kwind.obj
 0001:000499c0       windcontains               000000014004a9c0 f   kwind.obj
 0001:00049a50       windlevel                  000000014004aa50 f   kwind.obj
 0001:00049ab0       windoverlaps               000000014004aab0 f   kwind.obj
 0001:00049bf0       reinitwinds                000000014004abf0 f   kwind.obj
 0001:00049cc0       setwrootsize               000000014004acc0 f   kwind.obj
 0001:00049d00       winddatum                  000000014004ad00 f   kwind.obj
 0001:00049d50       newkwind                   000000014004ad50 f   kwind.obj
 0001:00049f00       k_initphrase               000000014004af00 f   kwind.obj
 0001:00049f70       k_inittext                 000000014004af70 f   kwind.obj
 0001:0004a0f0       k_reinittext               000000014004b0f0 f   kwind.obj
 0001:0004a1b0       kwindtext                  000000014004b1b0 f   kwind.obj
 0001:0004a410       textfill                   000000014004b410 f   kwind.obj
 0001:0004a880       kwindline                  000000014004b880 f   kwind.obj
 0001:0004a980       kwindrect                  000000014004b980 f   kwind.obj
 0001:0004a9d0       kwindfill                  000000014004b9d0 f   kwind.obj
 0001:0004aa20       kwindrect2                 000000014004ba20 f   kwind.obj
 0001:0004ab80       kwindellipse               000000014004bb80 f   kwind.obj
 0001:0004abd0       kwindfillellipse           000000014004bbd0 f   kwind.obj
 0001:0004ac20       kwindellipse2              000000014004bc20 f   kwind.obj
 0001:0004ad80       kwindfillpolygon           000000014004bd80 f   kwind.obj
 0001:0004ae50       rectnorml                  000000014004be50 f   kwind.obj
 0001:0004aee0       rectnormi                  000000014004bee0 f   kwind.obj
 0001:0004af70       scalexy                    000000014004bf70 f   kwind.obj
 0001:0004b070       scalephr2raw               000000014004c070 f   kwind.obj
 0001:0004b180       scalegrid2wind             000000014004c180 f   kwind.obj
 0001:0004b250       scalewind2grid             000000014004c250 f   kwind.obj
 0001:0004b330       k_setsize                  000000014004c330 f   kwind.obj
 0001:0004b4c0       newkitem                   000000014004c4c0 f   kwind.obj
 0001:0004b510       k_findmenuitem             000000014004c510 f   kwind.obj
 0001:0004b620       windhashdelete             000000014004c620 f   kwind.obj
 0001:0004b690       wfree                      000000014004c690 f   kwind.obj
 0001:0004b710       wunlink                    000000014004c710 f   kwind.obj
 0001:0004b780       waddtolist                 000000014004c780 f   kwind.obj
 0001:0004b7e0       k_initmenu                 000000014004c7e0 f   kwind.obj
 0001:0004b880       k_menuitem                 000000014004c880 f   kwind.obj
 0001:0004b8f0       makerect                   000000014004c8f0 f   kwind.obj
 0001:0004b970       midiparse                  000000014004c970 f   fsm.obj
 0001:0004bc00       realmess                   000000014004cc00 f   fsm.obj
 0001:0004bcd0       chanmsg                    000000014004ccd0 f   fsm.obj
 0001:0004be80       sysmess                    000000014004ce80 f   fsm.obj
 0001:0004bf90       biggermess                 000000014004cf90 f   fsm.obj
 0001:0004c070       bi_debug                   000000014004d070 f   bltin.obj
 0001:0004c160       limitsarr                  000000014004d160 f   bltin.obj
 0001:0004c4b0       bi_sizeof                  000000014004d4b0 f   bltin.obj
 0001:0004c630       bi_limitsof                000000014004d630 f   bltin.obj
 0001:0004c6e0       bi_prstack                 000000014004d6e0 f   bltin.obj
 0001:0004c750       bi_phdump                  000000014004d750 f   bltin.obj
 0001:0004c7b0       tasklistcollect            000000014004d7b0 f   bltin.obj
 0001:0004c830       bi_taskinfo                000000014004d830 f   bltin.obj
 0001:0004d200       bi_oldtypeof               000000014004e200 f   bltin.obj
 0001:0004d220       bi_string                  000000014004e220 f   bltin.obj
 0001:0004d2a0       bi_integer                 000000014004e2a0 f   bltin.obj
 0001:0004d3b0       bi_float                   000000014004e3b0 f   bltin.obj
 0001:0004d470       bi_phrase                  000000014004e470 f   bltin.obj
 0001:0004d530       bi_sin                     000000014004e530 f   bltin.obj
 0001:0004d5f0       bi_cos                     000000014004e5f0 f   bltin.obj
 0001:0004d6b0       bi_tan                     000000014004e6b0 f   bltin.obj
 0001:0004d770       bi_asin                    000000014004e770 f   bltin.obj
 0001:0004d830       bi_acos                    000000014004e830 f   bltin.obj
 0001:0004d8f0       bi_atan                    000000014004e8f0 f   bltin.obj
 0001:0004d9b0       bi_sqrt                    000000014004e9b0 f   bltin.obj
 0001:0004da70       bi_exp                     000000014004ea70 f   bltin.obj
 0001:0004db30       bi_log                     000000014004eb30 f   bltin.obj
 0001:0004dbf0       bi_log10                   000000014004ebf0 f   bltin.obj
 0001:0004dcb0       bi_pow                     000000014004ecb0 f   bltin.obj
 0001:0004ddf0       bi_readphr                 000000014004edf0 f   bltin.obj
 0001:0004def0       bi_pathsearch              000000014004eef0 f   bltin.obj
 0001:0004e070       bi_ascii                   000000014004f070 f   bltin.obj
 0001:0004e1e0       bi_reboot                  000000014004f1e0 f   bltin.obj
 0001:0004e200       funcundefine               000000014004f200 f   bltin.obj
 0001:0004e310       bi_refunc                  000000014004f310 f   bltin.obj
 0001:0004e370       bi_rekeylib                000000014004f370 f   bltin.obj
 0001:0004e3b0       bi_midifile                000000014004f3b0 f   bltin.obj
 0001:0004e570       bi_split                   000000014004f570 f   bltin.obj
 0001:0004e6b0       bi_cut                     000000014004f6b0 f   bltin.obj
 0001:0004eb30       bi_midibytes               000000014004fb30 f   bltin.obj
 0001:0004f000       bi_oldnargs                0000000140050000 f   bltin.obj
 0001:0004f020       bi_error                   0000000140050020 f   bltin.obj
 0001:0004f090       bi_printf                  0000000140050090 f   bltin.obj
 0001:0004f150       bi_argv                    0000000140050150 f   bltin.obj
 0001:0004f4e0       nomidi                     00000001400504e0 f   bltin.obj
 0001:0004f510       nographics                 0000000140050510 f   bltin.obj
 0001:0004f540       bi_realtime                0000000140050540 f   bltin.obj
 0001:0004f6f0       bi_sleeptill               00000001400506f0 f   bltin.obj
 0001:0004f790       bi_wait                    0000000140050790 f   bltin.obj
 0001:0004f870       bi_lock                    0000000140050870 f   bltin.obj
 0001:0004fad0       bi_unlock                  0000000140050ad0 f   bltin.obj
 0001:0004fbf0       bi_finishoff               0000000140050bf0 f   bltin.obj
 0001:0004fc50       bi_kill                    0000000140050c50 f   bltin.obj
 0001:0004fd90       chkprio                    0000000140050d90 f   bltin.obj
 0001:0004fde0       bi_priority                0000000140050de0 f   bltin.obj
 0001:0004ffa0       grabargs                   0000000140050fa0 f   bltin.obj
 0001:000500e0       bi_onexit                  00000001400510e0 f   bltin.obj
 0001:00050190       bi_onerror                 0000000140051190 f   bltin.obj
 0001:00050240       bi_tempo                   0000000140051240 f   bltin.obj
 0001:00050330       bi_substr                  0000000140051330 f   bltin.obj
 0001:000505a0       bi_sbbyes                  00000001400515a0 f   bltin.obj
 0001:000508f0       bi_system                  00000001400518f0 f   bltin.obj
 0001:00050990       bi_chdir                   0000000140051990 f   bltin.obj
 0001:00050a90       lsdircallback              0000000140051a90 f   bltin.obj
 0001:00050bb0       bi_lsdir                   0000000140051bb0 f   bltin.obj
 0001:00050cf0       bi_filetime                0000000140051cf0 f   bltin.obj
 0001:00050d80       bi_coreleft                0000000140051d80 f   bltin.obj
 0001:00050de0       bi_currtime                0000000140051de0 f   bltin.obj
 0001:00050e40       bi_milliclock              0000000140051e40 f   bltin.obj
 0001:00050ea0       bi_rand                    0000000140051ea0 f   bltin.obj
 0001:000511c0       bi_exit                    00000001400521c0 f   bltin.obj
 0001:00051250       bi_garbcollect             0000000140052250 f   bltin.obj
 0001:000512b0       bi_funkey                  00000001400522b0 f   bltin.obj
 0001:000513a0       bi_symbolnamed             00000001400523a0 f   bltin.obj
 0001:00051500       bi_windobject              0000000140052500 f   bltin.obj
 0001:00051630       bi_sync                    0000000140052630 f   bltin.obj
 0001:00051690       bi_browsefiles             0000000140052690 f   bltin.obj
 0001:00051810       bi_setmouse                0000000140052810 f   bltin.obj
 0001:000518b0       bi_mousewarp               00000001400528b0 f   bltin.obj
 0001:00051990       arraynumval                0000000140052990 f   bltin.obj
 0001:00051a70       getxy01                    0000000140052a70 f   bltin.obj
 0001:00051d10       xy01arr                    0000000140052d10 f   bltin.obj
 0001:00051ee0       xyarr                      0000000140052ee0 f   bltin.obj
 0001:00051ff0       addifnew                   0000000140052ff0 f   bltin.obj
 0001:00052090       addnonxy                   0000000140053090 f   bltin.obj
 0001:000520d0       bi_oldxy                   00000001400530d0 f   bltin.obj
 0001:000520f0       bi_attribarray             00000001400530f0 f   bltin.obj
 0001:00052380       bi_screen                  0000000140053380 f   bltin.obj
 0001:000525d0       wsettrack                  00000001400535d0 f   bltin.obj
 0001:000526b0       bi_colorset                00000001400536b0 f   bltin.obj
 0001:00052780       bi_colormix                0000000140053780 f   bltin.obj
 0001:000528d0       bi_get                     00000001400538d0 f   bltin.obj
 0001:00052980       bi_put                     0000000140053980 f   bltin.obj
 0001:00052a90       bi_flush                   0000000140053a90 f   bltin.obj
 0001:00052b20       bi_fifoctl                 0000000140053b20 f   bltin.obj
 0001:00052d80       bi_mdep                    0000000140053d80 f   bltin.obj
 0001:00052de0       chkinputport               0000000140053de0 f   bltin.obj
 0001:00052e40       chkoutputport              0000000140053e40 f   bltin.obj
 0001:00052e90       bi_midi                    0000000140053e90 f   bltin.obj
 0001:00053b80       bi_bitmap                  0000000140054b80 f   bltin.obj
 0001:00054450       bi_help                    0000000140055450 f   bltin.obj
 0001:00054540       bi_fifosize                0000000140055540 f   bltin.obj
 0001:000545f0       validpitch                 00000001400555f0 f   bltin.obj
 0001:00054630       bi_open                    0000000140055630 f   bltin.obj
 0001:000549b0       bi_close                   00000001400559b0 f   bltin.obj
 0001:00054a60       newobjectid                0000000140055a60 f   bltin.obj
 0001:00054a90       bi_object                  0000000140055a90 f   bltin.obj
 0001:00054b80       bi_objectlist              0000000140055b80 f   bltin.obj
 0001:00054c80       bi_objectinfo              0000000140055c80 f   bltin.obj
 0001:00054e20       bi_sprintf                 0000000140055e20 f   bltin.obj
 0001:00054ed0       bi_nullfunc                0000000140055ed0 f   bltin.obj
 0001:000552b0       o_setinit                  00000001400562b0 f   meth.obj
 0001:000552d0       setelement                 00000001400562d0 f   meth.obj
 0001:00055350       setmethod                  0000000140056350 f   meth.obj
 0001:000553f0       setdata                    00000001400563f0 f   meth.obj
 0001:00055470       defaultobject              0000000140056470 f   meth.obj
 0001:00055550       o_addchild                 0000000140056550 f   meth.obj
 0001:000556c0       o_removechild              00000001400566c0 f   meth.obj
 0001:00055820       o_children                 0000000140056820 f   meth.obj
 0001:00055930       o_addinherit               0000000140056930 f   meth.obj
 0001:00055a50       o_inherited                0000000140056a50 f   meth.obj
 0001:00055b50       windid                     0000000140056b50 f   meth.obj
 0001:00055c10       o_size                     0000000140056c10 f   meth.obj
 0001:00055da0       o_contains                 0000000140056da0 f   meth.obj
 0001:00055eb0       o_mousedo                  0000000140056eb0 f   meth.obj
 0001:000560e0       needplotmode               00000001400570e0 f   meth.obj
 0001:00056160       o_lineboxfill              0000000140057160 f   meth.obj
 0001:000562d0       o_fillpolygon              00000001400572d0 f   meth.obj
 0001:000565b0       o_line                     00000001400575b0 f   meth.obj
 0001:00056610       o_box                      0000000140057610 f   meth.obj
 0001:00056670       o_fill                     0000000140057670 f   meth.obj
 0001:000566d0       o_ellipse                  00000001400576d0 f   meth.obj
 0001:00056770       o_fillellipse              0000000140057770 f   meth.obj
 0001:00056810       o_style                    0000000140057810 f   meth.obj
 0001:000569c0       o_saveunder                00000001400579c0 f   meth.obj
 0001:00056ac0       o_restoreunder             0000000140057ac0 f   meth.obj
 0001:00056c00       o_textheight               0000000140057c00 f   meth.obj
 0001:00056c50       o_textwidth                0000000140057c50 f   meth.obj
 0001:00056ca0       o_text                     0000000140057ca0 f   meth.obj
 0001:00056ea0       o_printf                   0000000140057ea0 f   meth.obj
 0001:00056f50       o_textcenter               0000000140057f50 f   meth.obj
 0001:00056fa0       o_textleft                 0000000140057fa0 f   meth.obj
 0001:00056ff0       o_textright                0000000140057ff0 f   meth.obj
 0001:00057040       o_type                     0000000140058040 f   meth.obj
 0001:00057110       o_xmin                     0000000140058110 f   meth.obj
 0001:00057170       o_ymin                     0000000140058170 f   meth.obj
 0001:000571d0       o_xmax                     00000001400581d0 f   meth.obj
 0001:00057230       o_ymax                     0000000140058230 f   meth.obj
 0001:00057290       o_redraw                   0000000140058290 f   meth.obj
 0001:000572f0       o_childunder               00000001400582f0 f   meth.obj
 0001:00057560       o_drawphrase               0000000140058560 f   meth.obj
 0001:00057690       o_scaletogrid              0000000140058690 f   meth.obj
 0001:00057840       o_scaletowind              0000000140058840 f   meth.obj
 0001:000579f0       o_closestnote              00000001400589f0 f   meth.obj
 0001:00057b70       o_view                     0000000140058b70 f   meth.obj
 0001:00057d20       o_sweep                    0000000140058d20 f   meth.obj
 0001:00057e90       o_trackname                0000000140058e90 f   meth.obj
 0001:00057fd0       o_menuitem                 0000000140058fd0 f   meth.obj
 0001:000580e0       o_menuitems                00000001400590e0 f   meth.obj
 0001:00058210       windobject                 0000000140059210 f   meth.obj
 0001:00058700       myre_compX                 0000000140059700 f   regex.obj
 0001:00058fb0       myre_comp                  0000000140059fb0 f   regex.obj
 0001:00059000       myre_exec                  000000014005a000 f   regex.obj
 0001:00059240       myre_modw                  000000014005a240 f   regex.obj
 0001:00059320       myre_subs                  000000014005a320 f   regex.obj
 0001:00059b20       KeySetupDll                000000014005ab20 f   midi.obj
 0001:00059b40       KeyTimerFunc               000000014005ab40 f   midi.obj
 0001:00059b90       midiInputHandler           000000014005ab90 f   midi.obj
 0001:00059d00       midiOutputHandler          000000014005ad00 f   midi.obj
 0001:00059d80       PutEvent                   000000014005ad80 f   midi.obj
 0001:00059fe0       mdep_getnmidi              000000014005afe0 f   midi.obj
 0001:0005a3c0       mdep_putnmidi              000000014005b3c0 f   midi.obj
 0001:0005a640       openmidiin                 000000014005b640 f   midi.obj
 0001:0005a7e0       mdep_endmidi               000000014005b7e0 f   midi.obj
 0001:0005a840       mdep_initmidi              000000014005b840 f   midi.obj
 0001:0005abe0       handlemidioutput           000000014005bbe0 f   midi.obj
 0001:0005ac90       setvideogrid               000000014005bc90 f   midi.obj
 0001:0005af70       mdep_mdep                  000000014005bf70 f   midi.obj
 0001:0005bfc0       openmidiout                000000014005cfc0 f   midi.obj
 0001:0005c0f0       mdep_midi                  000000014005d0f0 f   midi.obj
 0001:0005c880       fprintf                    000000014005d880 f i midi.obj
 0001:0005c8d0       mdep_milliclock            000000014005d8d0 f   clock.obj
 0001:0005c8f0       mdep_resetclock            000000014005d8f0 f   clock.obj
 0001:0005c911       accept                     000000014005d911 f   wsock32:WSOCK32.dll
 0001:0005c917       bind                       000000014005d917 f   wsock32:WSOCK32.dll
 0001:0005c91d       closesocket                000000014005d91d f   wsock32:WSOCK32.dll
 0001:0005c923       connect                    000000014005d923 f   wsock32:WSOCK32.dll
 0001:0005c929       htons                      000000014005d929 f   wsock32:WSOCK32.dll
 0001:0005c92f       inet_addr                  000000014005d92f f   wsock32:WSOCK32.dll
 0001:0005c935       listen                     000000014005d935 f   wsock32:WSOCK32.dll
 0001:0005c93b       ntohl                      000000014005d93b f   wsock32:WSOCK32.dll
 0001:0005c941       recv                       000000014005d941 f   wsock32:WSOCK32.dll
 0001:0005c947       recvfrom                   000000014005d947 f   wsock32:WSOCK32.dll
 0001:0005c94d       send                       000000014005d94d f   wsock32:WSOCK32.dll
 0001:0005c953       sendto                     000000014005d953 f   wsock32:WSOCK32.dll
[...]
 0003:0001b470       Stackbuffsize              0000000140080470     main.obj
 0003:0001b474       ?pathsize@?1??loadkeylibk@@9@9 0000000140080474     main.obj
 0003:0001b478       ?f@?1??keyerrfile@@9@9     0000000140080478     main.obj
 0003:0001b480       ?pathparts@?1??loadkeylibk@@9@9 0000000140080480     main.obj
 0003:0001b488       ?lastkeypath@?1??loadkeylibk@@9@9 0000000140080488     main.obj
 0003:0001b490       ?pathfname@?1??loadkeylibk@@9@9 0000000140080490     main.obj
 0003:0001b498       Topmac                     0000000140080498     main.obj
 0003:0001b4a0       ?pathsize@?1??kpathsearch@@9@9 00000001400804a0     main.obj
 0003:0001b4a4       ?pathsize@?1??mpathsearch@@9@9 00000001400804a4     main.obj
 0003:0001b4a8       ?pathparts@?1??kpathsearch@@9@9 00000001400804a8     main.obj
 0003:0001b4b0       ?lastkeypath@?1??kpathsearch@@9@9 00000001400804b0     main.obj
 0003:0001b4b8       ?pathfname@?1??kpathsearch@@9@9 00000001400804b8     main.obj
 0003:0001b4c0       ?pathparts@?1??mpathsearch@@9@9 00000001400804c0     main.obj
 0003:0001b4c8       ?lastkeypath@?1??mpathsearch@@9@9 00000001400804c8     main.obj
 0003:0001b4d0       ?pathfname@?1??mpathsearch@@9@9 00000001400804d0     main.obj
 0003:0001b520       kr2_x                      0000000140080520     util.obj
 0003:0001b524       kr2_y                      0000000140080524     util.obj
 0003:0001b528       kr2_z                      0000000140080528     util.obj
 0003:0001b52c       Lensofar                   000000014008052c     util.obj
 0003:0001b530       Phpfunc                    0000000140080530     util.obj
 0003:0001b538       ?lastin@?1??newin@@9@9     0000000140080538     util.obj
 0003:0001b540       ?lastlk@?1??newlk@@9@9     0000000140080540     util.obj
 0003:0001b548       ?lastobj@?1??newobj@@9@9   0000000140080548     util.obj
 0003:0001b550       ?lastdn@?1??newdn@@9@9     0000000140080550     util.obj
 0003:0001b558       $SG105151                  0000000140080558     util.obj
 0003:0001b582       $SG103993                  0000000140080582     phrase.obj
 0003:0001b59c       ?cnt@?2??newnt@@9@9        000000014008059c     phrase.obj
 0003:0001b5a0       ?lastn@?1??newnt@@9@9      00000001400805a0     phrase.obj
 0003:0001b5a8       ?lastph@?1??newph@@9@9     00000001400805a8     phrase.obj
 0003:0001b5b0       ?notebuff@?1??notetoke@@9@9 00000001400805b0     phrase.obj
 0003:0001b5b8       ?buffsize@?1??notetoke@@9@9 00000001400805b8     phrase.obj
 0003:0001b5bc       ?savechar@?1??notetoke@@9@9 00000001400805bc     phrase.obj
 0003:0001b5c0       ?endofbuff@?1??notetoke@@9@9 00000001400805c0     phrase.obj
 0003:0001b5c8       Strptr                     00000001400805c8     phrase.obj
 0003:0001b5d0       ?bytes@?1??messtont@@9@9   00000001400805d0     phrase.obj
 0003:0001b5d8       ?bytesize@?1??messtont@@9@9 00000001400805d8     phrase.obj
 0003:0001b610       $SG104594                  0000000140080610     sym.obj
 0003:0001b611       $SG104596                  0000000140080611     sym.obj
 0003:0001b612       $SG104598                  0000000140080612     sym.obj
 0003:0001b613       $SG104602                  0000000140080613     sym.obj
 0003:0001b614       $SG104614                  0000000140080614     sym.obj
 0003:0001b615       $SG104616                  0000000140080615     sym.obj
 0003:0001b616       $SG104618                  0000000140080616     sym.obj
 0003:0001b617       $SG104620                  0000000140080617     sym.obj
 0003:0001b618       $SG104622                  0000000140080618     sym.obj
 0003:0001b619       $SG104624                  0000000140080619     sym.obj
 0003:0001b61a       $SG104626                  000000014008061a     sym.obj
 0003:0001b630       Freeht                     0000000140080630     sym.obj
 0003:0001b638       ?lastsy@?1??newsy@@9@9     0000000140080638     sym.obj
 0003:0001b640       ?unum@?1??uniqvar@@9@9     0000000140080640     sym.obj
 0003:0001b644       $SG104092                  0000000140080644     sym.obj
 0003:0001b645       $SG104292                  0000000140080645     sym.obj
 0003:0001b646       $SG104753                  0000000140080646     sym.obj
 0003:0001b648       Mf                         0000000140080648     sym.obj
 0003:0001b650       ?lasthn@?1??newhn@@9@9     0000000140080650     sym.obj
 0003:0001b658       elsize                     0000000140080658     sym.obj
 0003:0001b660       qscompare                  0000000140080660     sym.obj
 0003:0001b668       Pend                       0000000140080668     keyto.obj
 0003:0001b670       Trktmp                     0000000140080670     keyto.obj
 0003:0001b678       Tmpfname                   0000000140080678     keyto.obj
 0003:0001b688       Trksize                    0000000140080688     keyto.obj
 0003:0001b68c       Laststat                   000000014008068c     keyto.obj
 0003:0001b690       Outf                       0000000140080690     keyto.obj
 0003:0001b6cc       Msg2leng                   00000001400806cc     code.obj
 0003:0001b6d0       Msg3leng                   00000001400806d0     code.obj
 0003:0001b6d4       $SG105404                  00000001400806d4     code.obj
 0003:0001b6f8       ?str@?1??nonnoteinfo@@9@9  00000001400806f8     grid.obj
 0003:0001b720       ?str@?1??textnoteinfo@@9@9 0000000140080720     grid.obj
 0003:0001b828       ?str@?1??nonnotesize@@9@9  0000000140080828     grid.obj
 0003:0001b848       ?panbits@?1??gridpan@@9@9  0000000140080848     grid.obj
 0003:0001b858       Menuysize                  0000000140080858     menu.obj
 0003:0001b980       Toptp                      0000000140080980     task.obj
 0003:0001b988       Freetp                     0000000140080988     task.obj
 0003:0001b990       Tid                        0000000140080990     task.obj
 0003:0001b994       ConsoleEOF                 0000000140080994     task.obj
 0003:0001b998       lastexpose                 0000000140080998     task.obj
 0003:0001b99c       lastresize                 000000014008099c     task.obj
 0003:0001b9a0       ?gotexit@?8??handlewaitfor@@9@9 00000001400809a0     task.obj
 0003:0001b9a4       $SG106105                  00000001400809a4     task.obj
 0003:0001b9a5       $SG106128                  00000001400809a5     task.obj
 0003:0001b9a8       Taskbeingkilled            00000001400809a8     task.obj
 0003:0001ba00       Freefd                     0000000140080a00     fifo.obj
 0003:0001ba08       ?lastfd@?1??newfd@@9@9     0000000140080a08     fifo.obj
 0003:0001ba10       Fputfp                     0000000140080a10     fifo.obj
 0003:0001ba20       Mf                         0000000140080a20     mfin.obj
 0003:0001ba28       Mf_toberead                0000000140080a28     mfin.obj
 0003:0001ba2c       Tracknum                   0000000140080a2c     mfin.obj
 0003:0001ba30       Noteq                      0000000140080a30     mfin.obj
 0003:0001ba38       Currph                     0000000140080a38     mfin.obj
 0003:0001ba40       Numq                       0000000140080a40     mfin.obj
 0003:0001ba44       Mformat                    0000000140080a44     mfin.obj
 0003:0001ba48       Mfarr                      0000000140080a48     mfin.obj
 0003:0001ba50       Msg1buff                   0000000140080a50     mfin.obj
 0003:0001ba58       Msg1alloc                  0000000140080a58     mfin.obj
 0003:0001ba5c       Msg1index                  0000000140080a5c     mfin.obj
 0003:0001cac0       Currport                   0000000140081ac0     real.obj
 0003:0001cac4       lastsync                   0000000140081ac4     real.obj
 0003:0001cac8       lastnowoffset              0000000140081ac8     real.obj
 0003:0001cacc       Grabbuffsize               0000000140081acc     real.obj
 0003:0001cad0       Grabbuff                   0000000140081ad0     real.obj
 0003:0001cad8       Grabcnt                    0000000140081ad8     real.obj
 0003:0001cadc       Ngrabbed                   0000000140081adc     real.obj
 0003:0001cae0       Grabbed                    0000000140081ae0     real.obj
 0003:0001cae8       Numon                      0000000140081ae8     real.obj
 0003:0001caec       Numoff                     0000000140081aec     real.obj
 0003:0001caf0       Onmsg                      0000000140081af0     real.obj
 0003:0001caf8       Offmsg                     0000000140081af8     real.obj
 0003:0001cb00       Numoff2                    0000000140081b00     real.obj
 0003:0001cb04       Anynew                     0000000140081b04     real.obj
 0003:0001cb08       Offmsg2                    0000000140081b08     real.obj
 0003:0001cb10       Onport                     0000000140081b10     real.obj
 0003:0001cb18       Offport                    0000000140081b18     real.obj
 0003:0001cb20       Off2port                   0000000140081b20     real.obj
 0003:0001cb28       Onmonitor                  0000000140081b28     real.obj
 0003:0001cb30       Offmonitor                 0000000140081b30     real.obj
 0003:0001cb38       Off2monitor                0000000140081b38     real.obj
 0003:0001cb40       Noteq                      0000000140081b40     real.obj
 0003:0001cb48       Qavail                     0000000140081b48     real.obj
 0003:0001cb4c       Qbegin                     0000000140081b4c     real.obj
 0003:0001cb50       Freesch                    0000000140081b50     real.obj
 0003:0001cb58       Intnt                      0000000140081b58     real.obj
 0003:0001cb80       Earliestcurrent            0000000140081b80     real.obj
 0003:0001cb88       Recmiddle                  0000000140081b88     real.obj
 0003:0001cb90       ?lasttime@?1??toomany@@9@9 0000000140081b90     real.obj
 0003:0001cb94       ?clk@?1??rc_clock@@9@9     0000000140081b94     real.obj
 0003:0001cb98       ?cnt@?1??rc_clock@@9@9     0000000140081b98     real.obj
 0003:0001cb9c       ?nused@?1??newsch@@9@9     0000000140081b9c     real.obj
 0003:0001cba0       ?ntdata@?1??put3onmonitorfifo@@9@9 0000000140081ba0     real.obj
 0003:0001cbc8       ?last@?1??newsch@@9@9      0000000140081bc8     real.obj
 0003:0001cbf8       $SG106096                  0000000140081bf8     mdep2.obj
 0003:0001cbfc       Msb                        0000000140081bfc     mdep2.obj
 0003:0001cc00       Msx                        0000000140081c00     mdep2.obj
 0003:0001cc04       Msy                        0000000140081c04     mdep2.obj
 0003:0001cc08       Msm                        0000000140081c08     mdep2.obj
 0003:0001cc0c       Joyjt                      0000000140081c0c     mdep2.obj
 0003:0001cc10       Joyjn                      0000000140081c10     mdep2.obj
 0003:0001cc14       Joybn                      0000000140081c14     mdep2.obj
 0003:0001cc18       Joybv                      0000000140081c18     mdep2.obj
 0003:0001cc1c       Lasttimeout                0000000140081c1c     mdep2.obj
 0003:0001cc20       Kmessage                   0000000140081c20     mdep2.obj
 0003:0001cc50       Firstdc                    0000000140081c50     mdep2.obj
 0003:0001cc58       Khdc                       0000000140081c58     mdep2.obj
 0003:0001cc60       Kcursor                    0000000140081c60     mdep2.obj
 0003:0001cc68       Maxx                       0000000140081c68     mdep2.obj
 0003:0001cc6c       Maxy                       0000000140081c6c     mdep2.obj
 0003:0001cc70       Palettesize                0000000140081c70     mdep2.obj
 0003:0001cc74       Bgindex                    0000000140081c74     mdep2.obj
 0003:0001cc78       Ignoretillup               0000000140081c78     mdep2.obj
 0003:0001cc80       hPen                       0000000140081c80     mdep2.obj
 0003:0001ce80       hBrush                     0000000140081e80     mdep2.obj
 0003:0001d080       Rgbvals                    0000000140082080     mdep2.obj
 0003:0001d180       Intrfunc                   0000000140082180     mdep2.obj
 0003:0001d188       Hpal                       0000000140082188     mdep2.obj
 0003:0001d190       Inverted                   0000000140082190     mdep2.obj
 0003:0001d194       Keyeventpos                0000000140082194     mdep2.obj
 0003:0001d198       Kwindrect                  0000000140082198     mdep2.obj
 0003:0001d1a8       Keyeventwarned             00000001400821a8     mdep2.obj
 0003:0001d1b0       Keyevents                  00000001400821b0     mdep2.obj
 0003:0001d5b0       amBrowsing                 00000001400825b0     mdep2.obj
 0003:0001d5b4       JoyMaxNum                  00000001400825b4     mdep2.obj
 0003:0001d5b8       ?argv@?1??WinMain@@9@9     00000001400825b8     mdep2.obj
 0003:0001d5e8       JoyButts                   00000001400825e8     mdep2.obj
 0003:0001d608       JoyCaptured                0000000140082608     mdep2.obj
 0003:0001d628       JoyX                       0000000140082628     mdep2.obj
 0003:0001d648       JoyY                       0000000140082648     mdep2.obj
 0003:0001d668       JoyZ                       0000000140082668     mdep2.obj
 0003:0001d688       JoyR                       0000000140082688     mdep2.obj
 0003:0001d6a8       JoyU                       00000001400826a8     mdep2.obj
 0003:0001d6c8       JoyV                       00000001400826c8     mdep2.obj
 0003:0001d6e8       JoyRunning                 00000001400826e8     mdep2.obj
 0003:0001d6ec       ?saved@?1??mdep_browse@@9@9 00000001400826ec     mdep2.obj
 0003:0001d6f0       ?root@?1??keyroot@@9@9     00000001400826f0     mdep2.obj
 0003:0001d700       ?szFilter@?1??mdep_browse@@9@9 0000000140082700     mdep2.obj
 0003:0001d830       ?szFileName@?1??mdep_browse@@9@9 0000000140082830     mdep2.obj
 0003:0001d960       ?saveddir@?1??mdep_browse@@9@9 0000000140082960     mdep2.obj
 0003:0001da68       ?handle@?2??mdep_openport@@9@9 0000000140082a68     mdep2.obj
 0003:0001da78       ?handle@?BP@??mdep_openport@@9@9 0000000140082a78     mdep2.obj
 0003:0001daa0       Windownum                  0000000140082aa0     kwind.obj
 0003:0001daa4       ?keepstrsize@?1??kwindtext@@9@9 0000000140082aa4     kwind.obj
 0003:0001daa8       ?keepstr@?1??kwindtext@@9@9 0000000140082aa8     kwind.obj
 0003:0001dab0       ?keepstr@?1??textfill@@9@9 0000000140082ab0     kwind.obj
 0003:0001dab8       ?keepstrsize@?1??textfill@@9@9 0000000140082ab8     kwind.obj
 0003:0001db80       $SG105048                  0000000140082b80     bltin.obj
 0003:0001db81       $SG105899                  0000000140082b81     bltin.obj
 0003:0001db88       Listarr                    0000000140082b88     bltin.obj
 0003:0001db98       ?s_id@?1??bi_taskinfo@@9@9 0000000140082b98     bltin.obj
 0003:0001dba0       ?s_method@?1??bi_taskinfo@@9@9 0000000140082ba0     bltin.obj
 0003:0001dba8       ?s_list@?1??bi_taskinfo@@9@9 0000000140082ba8     bltin.obj
 0003:0001dbb0       ?s_stopped@?1??bi_taskinfo@@9@9 0000000140082bb0     bltin.obj
 0003:0001dbb8       ?s_blocked@?1??bi_taskinfo@@9@9 0000000140082bb8     bltin.obj
 0003:0001dbc0       ?s_lowpriority@?1??bi_taskinfo@@9@9 0000000140082bc0     bltin.obj
 0003:0001dbc8       ?s_running@?1??bi_taskinfo@@9@9 0000000140082bc8     bltin.obj
 0003:0001dbd0       ?s_waiting@?1??bi_taskinfo@@9@9 0000000140082bd0     bltin.obj
 0003:0001dbd8       ?s_lockwait@?1??bi_taskinfo@@9@9 0000000140082bd8     bltin.obj
 0003:0001dbe0       ?s_sleeping@?1??bi_taskinfo@@9@9 0000000140082be0     bltin.obj
 0003:0001dbe8       ?s_scheduled@?1??bi_taskinfo@@9@9 0000000140082be8     bltin.obj
 0003:0001dbf0       ?pathsize@?1??bi_pathsearch@@9@9 0000000140082bf0     bltin.obj
 0003:0001dbf4       lsdirleng                  0000000140082bf4     bltin.obj
 0003:0001dbf8       ?pathparts@?1??bi_pathsearch@@9@9 0000000140082bf8     bltin.obj
 0003:0001dc00       ?lastkeypath@?1??bi_pathsearch@@9@9 0000000140082c00     bltin.obj
 0003:0001dc08       ?pathfname@?1??bi_pathsearch@@9@9 0000000140082c08     bltin.obj
 0003:0001dc10       lsdatum                    0000000140082c10     bltin.obj
 0003:0001dc20       lsdir                      0000000140082c20     bltin.obj
 0003:0001dc30       tagstk                     0000000140082c30     regex.obj
 0003:0001dc58       dfa                        0000000140082c58     regex.obj
 0003:0001dc60       sta                        0000000140082c60     regex.obj
 0003:0001dc68       bittab                     0000000140082c68     regex.obj
 0003:0001dc78       bol                        0000000140082c78     regex.obj
 0003:0001dc80       bopat                      0000000140082c80     regex.obj
 0003:0001dcd0       eopat                      0000000140082cd0     regex.obj
 0003:0001dd90       MidiInBuff                 0000000140082d90     midi.obj
 0003:0001dd98       bytes                      0000000140082d98     midi.obj
 0003:0001dda0       sofar                      0000000140082da0     midi.obj
 0003:0001dda4       nbytes                     0000000140082da4     midi.obj
 0003:0001dda8       ?ev@?1??mdep_getnmidi@@9@9 0000000140082da8     midi.obj
 0003:0001ddc0       ?smallbuff@?1??mdep_getnmidi@@9@9 0000000140082dc0     midi.obj
 0003:0001ddc3       $SG93713                   0000000140082dc3     midi.obj
 0003:0001ddc4       $SG93714                   0000000140082dc4     midi.obj
 0003:0001ddc8       ?event@?1??midiInputHandler@@9@9 0000000140082dc8     midi.obj
 0003:0001dde4       tm0                        0000000140082de4     clock.obj
 0003:0001ddf0       GS_ExceptionRecord         0000000140082df0     MSVCRTD:gs_report.obj
 0003:0001de90       GS_ContextRecord           0000000140082e90     MSVCRTD:gs_report.obj
 0003:0001e370       ?is_initialized_as_dll@@3_NA 0000000140083370     MSVCRTD:utility.obj
 0003:0001e371       ?module_local_atexit_table_initialized@@3_NA 0000000140083371     MSVCRTD:utility.obj
 0003:0001e378       ?module_local_atexit_table@@3U_onexit_table_t@@A 0000000140083378     MSVCRTD:utility.obj
 0003:0001e390       ?module_local_at_quick_exit_table@@3U_onexit_table_t@@A 0000000140083390     MSVCRTD:utility.obj
 0005:000005e0       $R000000                   00000001400a55e0     key.res
 0005:00000718       $R000138                   00000001400a5718     key.res
 0005:00000730       $R000150                   00000001400a5730     key.res
 0005:00000868       $R000288                   00000001400a5868     key.res
 0005:00000880       $R0002A0                   00000001400a5880     key.res
 0005:000009b8       $R0003D8                   00000001400a59b8     key.res
 0005:000009d0       $R0003F0                   00000001400a59d0     key.res
 0005:00000b08       $R000528                   00000001400a5b08     key.res
 0005:00000b20       $R000540                   00000001400a5b20     key.res
 0005:00000c58       $R000678                   00000001400a5c58     key.res
 0005:00000c70       $R000690                   00000001400a5c70     key.res
 0005:00000da8       $R0007C8                   00000001400a5da8     key.res
 0005:00000dc0       $R0007E0                   00000001400a5dc0     key.res
 0005:00000ef8       $R000918                   00000001400a5ef8     key.res
 0005:00000f10       $R000930                   00000001400a5f10     key.res
 0005:00001048       $R000A68                   00000001400a6048     key.res
 0005:00001060       $R000A80                   00000001400a6060     key.res
 0005:00001190       $R000BB0                   00000001400a6190     key.res
 0005:00001478       $R000E98                   00000001400a6478     key.res
 0005:000014a0       $R000EC0                   00000001400a64a0     key.res
 0005:000016a8       $R0010C8                   00000001400a66a8     key.res
 0005:00001788       $R0011A8                   00000001400a6788     key.res
 0005:00001888       $R0012A8                   00000001400a6888     key.res
 0005:000019a0       $R0013C0                   00000001400a69a0     key.res
 0005:00001b08       $R001528                   00000001400a6b08     key.res
